bot (INFO) 2023-05-26 23:13:38,306: ****** Trade BOT ******
bot (INFO) 2023-05-26 23:17:47,675: ****** Trade BOT ******
bot (INFO) 2023-05-26 23:17:47,676: run strategy bb for BTCUSDT_15m
bot (INFO) 2023-05-26 23:22:44,007: ****** Trade BOT ******
bot (INFO) 2023-05-26 23:22:44,008: run strategy bb for BTCUSDT_15m
bot (INFO) 2023-05-26 23:23:25,845: ****** Trade BOT ******
bot (INFO) 2023-05-26 23:23:25,845: run strategy bb for BTCUSDT_15m
bot (INFO) 2023-05-26 23:24:09,035: ****** Trade BOT ******
bot (INFO) 2023-05-26 23:24:09,036: run strategy bb for BTCUSDT_15m
bot (INFO) 2023-05-26 23:24:12,679: ****** Trade BOT ******
bot (INFO) 2023-05-26 23:24:12,679: run strategy bb for BTCUSDT_15m
bot (INFO) 2023-05-26 23:25:10,327: ****** Trade BOT ******
bot (INFO) 2023-05-26 23:25:10,327: run strategy bb for BTCUSDT_15m
bot (INFO) 2023-05-26 23:32:39,871: ****** Trade BOT ******
bot (INFO) 2023-05-26 23:32:39,871: run strategy bb for BTCUSDT_15m
bot (INFO) 2023-05-26 23:35:03,314: ****** Trade BOT ******
bot (INFO) 2023-05-26 23:35:03,314: run strategy bb for BTCUSDT_15m
bot (INFO) 2023-05-26 23:41:23,732: ****** Trade BOT ******
bot (INFO) 2023-05-26 23:41:23,732: run strategy bb for BTCUSDT_15m
bot (INFO) 2023-05-26 23:41:35,287: ****** Trade BOT ******
bot (INFO) 2023-05-26 23:41:35,287: run strategy bb for BTCUSDT_15m
bot (INFO) 2023-05-26 23:51:27,704: ****** Trade BOT ******
bot (INFO) 2023-05-26 23:51:27,705: run strategy bb for BTCUSDT_15m
bot (INFO) 2023-05-26 23:51:56,457: ****** Trade BOT ******
bot (INFO) 2023-05-26 23:51:56,457: run strategy bb for BTCUSDT_15m
bot (INFO) 2023-05-27 11:52:23,033: ****** Trade BOT ******
bot (INFO) 2023-05-27 11:52:23,034: run strategy bb for BTCUSDT_15m
bot (INFO) 2023-05-27 11:55:39,564: ****** Trade BOT ******
bot (INFO) 2023-05-27 11:55:39,564: Run strategy bb for BTCUSDT_15m on um_futures_cross
bot.bot (INFO) 2023-05-27 12:54:41,526: ****** Trade BOT ******
bot.bot (INFO) 2023-05-27 12:54:41,526: Run strategy bb for BTCUSDT_15m on um-futures-cross
bot.bot (INFO) 2023-05-27 12:55:26,364: ****** Trade BOT ******
bot.bot (INFO) 2023-05-27 12:55:26,364: Run strategy bb for BTCUSDT_1m on um-futures-cross
bot.bot (INFO) 2023-05-27 12:59:05,799: ****** Trade BOT ******
bot.bot (INFO) 2023-05-27 12:59:05,799: Run strategy bb for BTCUSDT_1m on um-futures-cross
bot.bot (INFO) 2023-05-27 13:00:52,855: ****** Trade BOT ******
bot.bot (INFO) 2023-05-27 13:00:52,856: Run strategy bb for BTCUSDT_1m on um-futures-cross
bot.bot (INFO) 2023-05-27 13:01:54,933: ****** Trade BOT ******
bot.bot (INFO) 2023-05-27 13:01:54,933: Run strategy bb for BTCUSDT_1m on um-futures-cross
bot.bot (INFO) 2023-05-27 13:02:43,493: ****** Trade BOT ******
bot.bot (INFO) 2023-05-27 13:02:43,493: Run strategy bb for BTCUSDT_1m on um-futures-cross
bot.bot (INFO) 2023-05-27 13:02:45,575: Received stop signal
bot.bot (INFO) 2023-05-27 13:13:02,523: ****** Trade BOT ******
bot.bot (INFO) 2023-05-27 13:13:02,524: Run strategy bb for BTCUSDT_1m on um-futures-cross
bot.bot (INFO) 2023-05-27 13:13:09,074: Received stop signal
bot.bot (INFO) 2023-05-27 13:13:11,358: Received stop signal
bot.bot (INFO) 2023-05-27 13:14:59,760: ****** Trade BOT ******
bot.bot (INFO) 2023-05-27 13:14:59,761: Run strategy bb for BTCUSDT_1m on um-futures-cross
bot.bot (INFO) 2023-05-27 13:15:06,310: Received stop signal
bot.bot (INFO) 2023-05-27 13:15:06,671: Received stop signal
bot.bot (INFO) 2023-05-27 13:15:07,104: Received stop signal
bot.bot (INFO) 2023-05-27 13:24:57,876: ****** Trade BOT ******
bot.bot (INFO) 2023-05-27 13:24:57,877: Run strategy bb for BTCUSDT_1m on um-futures-cross
bot.bot (INFO) 2023-05-27 13:25:02,092: Received stop signal
bot.bot (INFO) 2023-05-27 13:25:55,801: ****** Trade BOT ******
bot.bot (INFO) 2023-05-27 13:25:55,802: Run strategy bb for BTCUSDT_1m on um-futures-cross
bot.bot (INFO) 2023-05-27 13:25:59,995: Received stop signal
bot.bot (INFO) 2023-05-27 13:26:34,211: ****** Trade BOT ******
bot.bot (INFO) 2023-05-27 13:26:34,212: Run strategy bb for BTCUSDT_1m on um-futures-cross
bot.bot (INFO) 2023-05-27 13:26:40,483: Received stop signal
bot.bot (INFO) 2023-05-27 13:26:43,031: Received stop signal
bot.bot (INFO) 2023-05-27 13:26:43,746: Received stop signal
bot.bot (INFO) 2023-05-27 13:35:14,791: ****** Trade BOT ******
bot.bot (INFO) 2023-05-27 13:35:14,792: Run strategy bb for BTCUSDT_1m on um-futures-cross
bot.bot (INFO) 2023-05-27 13:35:17,543: Received stop signal
asyncio (ERROR) 2023-05-27 13:35:17,571: Fatal error on SSL transport
protocol: <asyncio.sslproto.SSLProtocol object at 0x109b47910>
transport: <_SelectorSocketTransport closing fd=11>
Traceback (most recent call last):
  File "/Users/hudro/miniforge3/lib/python3.10/asyncio/selector_events.py", line 924, in write
    n = self._sock.send(data)
OSError: [Errno 9] Bad file descriptor

During handling of the above exception, another exception occurred:

Traceback (most recent call last):
  File "/Users/hudro/miniforge3/lib/python3.10/asyncio/sslproto.py", line 690, in _process_write_backlog
    self._transport.write(chunk)
  File "/Users/hudro/miniforge3/lib/python3.10/asyncio/selector_events.py", line 930, in write
    self._fatal_error(exc, 'Fatal write error on socket transport')
  File "/Users/hudro/miniforge3/lib/python3.10/asyncio/selector_events.py", line 725, in _fatal_error
    self._force_close(exc)
  File "/Users/hudro/miniforge3/lib/python3.10/asyncio/selector_events.py", line 737, in _force_close
    self._loop.call_soon(self._call_connection_lost, exc)
  File "/Users/hudro/miniforge3/lib/python3.10/asyncio/base_events.py", line 753, in call_soon
    self._check_closed()
  File "/Users/hudro/miniforge3/lib/python3.10/asyncio/base_events.py", line 515, in _check_closed
    raise RuntimeError('Event loop is closed')
RuntimeError: Event loop is closed
bot.bot (INFO) 2023-05-27 13:35:21,868: ****** Trade BOT ******
bot.bot (INFO) 2023-05-27 13:35:21,869: Run strategy bb for BTCUSDT_1m on um-futures-cross
bot.bot (INFO) 2023-05-27 13:35:25,999: Received stop signal
bot.bot (INFO) 2023-05-27 13:37:46,728: ****** Trade BOT ******
bot.bot (INFO) 2023-05-27 13:37:46,729: Run strategy bb for BTCUSDT_1m on um-futures-cross
bot.bot (INFO) 2023-05-27 13:37:58,464: Received stop signal
bot.bot (INFO) 2023-05-27 13:38:01,064: ****** Trade BOT ******
bot.bot (INFO) 2023-05-27 13:38:01,065: Run strategy bb for BTCUSDT_1m on um-futures-cross
bot.bot (INFO) 2023-05-27 13:38:09,051: Received stop signal
bot.bot (INFO) 2023-05-27 13:38:31,172: ****** Trade BOT ******
bot.bot (INFO) 2023-05-27 13:38:31,173: Run strategy bb for BTCUSDT_1m on um-futures-cross
bot.bot (INFO) 2023-05-27 13:38:45,294: Received stop signal
bot.bot (INFO) 2023-05-27 13:38:48,144: ****** Trade BOT ******
bot.bot (INFO) 2023-05-27 13:38:48,145: Run strategy bb for BTCUSDT_1m on um-futures-cross
wss_klines (ERROR) 2023-05-27 13:39:05,173: An unexpected error occurred: 
wss_klines (ERROR) 2023-05-27 13:39:20,399: An unexpected error occurred: 
bot.bot (INFO) 2023-05-27 13:39:37,134: Received stop signal
bot.bot (INFO) 2023-05-27 13:39:40,073: ****** Trade BOT ******
bot.bot (INFO) 2023-05-27 13:39:40,074: Run strategy bb for BTCUSDT_1m on um-futures-cross
wss_klines (ERROR) 2023-05-27 13:39:55,579: An unexpected error occurred: 
bot.bot (INFO) 2023-05-27 13:40:09,427: Received stop signal
bot.bot (INFO) 2023-05-27 13:40:18,639: Received stop signal
bot.bot (INFO) 2023-05-27 13:40:19,505: Received stop signal
bot.bot (INFO) 2023-05-27 13:40:43,452: ****** Trade BOT ******
bot.bot (INFO) 2023-05-27 13:40:43,453: Run strategy bb for BTCUSDT_1m on um-futures-cross
bot.bot (INFO) 2023-05-27 13:40:48,348: Received stop signal
bot.bot (INFO) 2023-05-27 13:40:54,448: ****** Trade BOT ******
bot.bot (INFO) 2023-05-27 13:40:54,449: Run strategy bb for BTCUSDT_1m on um-futures-cross
bot.bot (INFO) 2023-05-27 13:41:00,126: Received stop signal
bot.bot (INFO) 2023-05-27 13:43:08,221: ****** Trade BOT ******
bot.bot (INFO) 2023-05-27 13:43:08,222: Run strategy bb for BTCUSDT_1m on um-futures-cross
bot.bot (INFO) 2023-05-27 13:43:09,490: Received stop signal
bot.bot (INFO) 2023-05-27 13:43:29,668: ****** Trade BOT ******
bot.bot (INFO) 2023-05-27 13:43:29,669: Run strategy bb for BTCUSDT_1m on um-futures-cross
bot.bot (INFO) 2023-05-27 13:43:31,895: Received stop signal
bot.bot (INFO) 2023-05-27 15:40:15,452: ****** Trade BOT ******
bot.bot (INFO) 2023-05-27 15:40:15,452: Run strategy bb for BTCUSDT_1m on um-futures-cross
bot.bot (INFO) 2023-05-27 15:40:58,826: Received stop signal
bot.bot (INFO) 2023-05-27 16:25:55,964: ****** Trade BOT ******
bot.bot (INFO) 2023-05-27 16:25:55,965: Run strategy bb for BTCUSDT_1m on um-futures-cross
wss_klines (ERROR) 2023-05-27 16:26:09,340: An unexpected error occurred: Bot.tick_from_kline() got an unexpected keyword argument 'kline'
bot.bot (INFO) 2023-05-27 16:26:19,946: Received stop signal
bot.bot (INFO) 2023-05-27 16:32:32,438: ****** Trade BOT ******
bot.bot (INFO) 2023-05-27 16:32:32,439: Run strategy bb for BTCUSDT_1m on um-futures-cross
wss_klines (ERROR) 2023-05-27 16:32:45,507: An unexpected error occurred: Bot.tick_from_kline() got an unexpected keyword argument 'kline'
wss_klines (ERROR) 2023-05-27 16:32:58,433: An unexpected error occurred: Bot.tick_from_kline() got an unexpected keyword argument 'kline'
bot.bot (INFO) 2023-05-27 16:33:00,294: Received stop signal
bot.bot (INFO) 2023-05-27 16:33:24,735: ****** Trade BOT ******
bot.bot (INFO) 2023-05-27 16:33:24,735: Run strategy bb for BTCUSDT_1m on um-futures-cross
bot.bot (INFO) 2023-05-27 16:33:49,446: Received stop signal
bot.bot (INFO) 2023-05-27 16:33:50,053: Received stop signal
bot.bot (INFO) 2023-05-27 16:36:00,098: ****** Trade BOT ******
bot.bot (INFO) 2023-05-27 16:36:00,098: Run strategy bb for BTCUSDT_1m on um-futures-cross
bot.bot (INFO) 2023-05-27 16:36:12,491: Received stop signal
bot.bot (INFO) 2023-05-27 16:37:23,943: ****** Trade BOT ******
bot.bot (INFO) 2023-05-27 16:37:23,943: Run strategy bb for BTCUSDT_1m on um-futures-cross
bot.bot (INFO) 2023-05-27 16:40:14,321: Received stop signal
bot.bot (INFO) 2023-05-27 16:55:16,082: ****** Trade BOT ******
bot.bot (INFO) 2023-05-27 16:55:16,083: Run strategy bb for BTCUSDT_1m on um-futures-cross
bot.bot (INFO) 2023-05-27 16:57:52,247: Received stop signal
bot.bot (INFO) 2023-05-27 16:58:50,165: ****** Trade BOT ******
bot.bot (INFO) 2023-05-27 16:58:50,166: Run strategy bb for BTCUSDT_1m on um-futures-cross
bot.bot (INFO) 2023-05-27 16:58:50,182: Run strategy bb for DOGEUSDT_1m on um-futures-cross
bot.bot (INFO) 2023-05-27 17:00:01,491: Received stop signal
bot.bot (INFO) 2023-05-27 17:02:28,138: ****** Trade BOT ******
bot.bot (INFO) 2023-05-27 17:02:28,138: Run strategy bb for BTCUSDT_1m on um-futures-cross
bot.bot (INFO) 2023-05-27 17:02:28,154: Run strategy bb for DOGEUSDT_1m on um-futures-cross
wss_klines (WARNING) 2023-05-27 18:12:30,258: Connection closed, retrying...
wss_klines (WARNING) 2023-05-27 18:12:30,260: Connection closed, retrying...
bot.bot (INFO) 2023-05-27 18:28:26,400: Received stop signal
cancel_order (WARNING) 2023-05-27 20:05:26,418: An error occurred: 0, message='Attempt to decode JSON with unexpected mimetype: ', url=URL('https://fapi.binance.com/fapi/v1/allOpenOrders?symbol=DOGEUSDT&timestamp=1685228725166&signature=7ba1239001579ffafef4a83b344c46b0d3b79cdd670964171d453d777a7a1595')
cancel_all_orders (WARNING) 2023-05-27 20:07:34,630: An error occurred: 0, message='Attempt to decode JSON with unexpected mimetype: ', url=URL('https://fapi.binance.com/fapi/v1/allOpenOrders?symbol=DOGEUSDT&timestamp=1685228825711&signature=c794bab0f243070125634b544dcd1999050b1e50dbba837d1422015935a13c7d')
cancel_all_orders (WARNING) 2023-05-27 20:09:07,502: An error occurred: 0, message='Attempt to decode JSON with unexpected mimetype: ', url=URL('https://fapi.binance.com/fapi/v1/allOpenOrders?symbol=DOGEUSDT&timestamp=1685228946220&signature=6f30de98ae57e55f6ceb8028163c7426d9421582df7a23cf51740d6c85bcec2e')
cancel_all_orders (ERROR) 2023-05-27 20:12:28,876: An error occurred: 0, message='Attempt to decode JSON with unexpected mimetype: ', url=URL('https://fapi.binance.com/fapi/v1/allOpenOrders?symbol=DOGEUSDT&timestamp=1685229147413&signature=1ec66daed5184d435b060c18f37a58165381cb0806ce93ec789954acaebca9f0'), status code: 0, message: Attempt to decode JSON with unexpected mimetype: 
cancel_all_orders (ERROR) 2023-05-27 20:14:48,827: An error occurred: 0, message='Attempt to decode JSON with unexpected mimetype: ', url=URL('https://fapi.binance.com/fapi/v1/allOpenOrders?symbol=DOGEUSDT&timestamp=1685229287585&signature=809dab0c9b5996511e2e23aa63a90b832e3b6e0091311aed5eaffabdc25a3a5a'), status code: 0, message: Attempt to decode JSON with unexpected mimetype: 
cancel_all_orders (ERROR) 2023-05-27 20:15:47,924: An error occurred: 0, message='Attempt to decode JSON with unexpected mimetype: ', url=URL('https://fapi.binance.com/fapi/v1/allOpenOrders?symbol=DOGEUSDT&timestamp=1685229346672&signature=874906873a988ba1700368483a442c5697f4cc400be7dae49503d40a573c3639'), status code: 0, message: Attempt to decode JSON with unexpected mimetype: 
cancel_all_orders (ERROR) 2023-05-27 20:23:56,088: An error occurred: 405, message='Method Not Allowed', url=URL('https://fapi.binance.com/fapi/v1/allOpenOrders?symbol=DOGEUSDT&timestamp=1685229834730&signature=3c6e01faa8c123cce262836190c79de11a8b455e7a18d6489d20225f192a4cda'), status code: 405, message: Method Not Allowed
cancel_all_orders (ERROR) 2023-05-27 20:25:36,229: An error occurred: 405, message='Method Not Allowed', url=URL('https://fapi.binance.com/fapi/v1/allOpenOrders?symbol=DOGEUSDT&timestamp=1685229934873&signature=524c1ebd527f372ea56c3424be052df9c521c75967d08fd2fc83d70bb16db570'), status code: 405, message: Method Not Allowed
bot.bot (INFO) 2023-05-28 11:19:29,253: ****** Trade BOT ******
bot.bot (INFO) 2023-05-28 11:19:29,253: Run strategy bb for BTCUSDT_1m on um-futures-cross
bot.bot (INFO) 2023-05-28 11:19:38,902: Received stop signal
bot.bot (INFO) 2023-05-28 14:24:26,045: ****** Trade BOT ******
bot.bot (INFO) 2023-05-28 14:24:26,046: Run strategy bb for BTCUSDT_1m on um-futures-cross
bot.bot (INFO) 2023-05-28 14:26:45,349: Received stop signal
bot.bot (INFO) 2023-05-28 14:35:45,257: ****** Trade BOT ******
bot.bot (INFO) 2023-05-28 14:35:45,257: Run strategy bb for BTCUSDT_1m on um-futures-cross
bot.bot (INFO) 2023-05-28 14:35:53,673: Received stop signal
bot.bot (INFO) 2023-05-28 14:48:26,953: ****** Trade BOT ******
bot.bot (INFO) 2023-05-28 14:48:26,953: Run strategy bb for BTCUSDT_1m on um-futures-cross
bot.bot (INFO) 2023-05-28 14:49:10,509: Received stop signal
bot.bot (INFO) 2023-05-28 19:23:43,025: ****** Trade BOT ******
bot.bot (INFO) 2023-05-28 19:23:43,026: Run strategy bb for BTCUSDT_1m on um-futures-cross
user_data_stream (WARNING) 2023-05-28 19:24:12,443: Stream encountered an error: 'symbol'. Reconnecting...
bot.bot (INFO) 2023-05-28 19:26:34,710: Received stop signal
bot.bot (INFO) 2023-05-28 19:27:26,376: ****** Trade BOT ******
bot.bot (INFO) 2023-05-28 19:27:26,377: Run strategy bb for BTCUSDT_1m on um-futures-cross
bot.bot (ERROR) 2023-05-28 19:27:37,999: 'symbol'
user_data_stream (WARNING) 2023-05-28 19:27:38,273: Stream encountered an error: 'symbol'. Reconnecting...
bot.bot (INFO) 2023-05-28 19:29:07,540: Received stop signal
bot.bot (INFO) 2023-05-28 19:29:48,595: ****** Trade BOT ******
bot.bot (INFO) 2023-05-28 19:29:48,595: Run strategy bb for BTCUSDT_1m on um-futures-cross
user_data_stream (WARNING) 2023-05-28 19:30:06,442: Stream encountered an error: 'symbol'. Reconnecting...
bot.bot (INFO) 2023-05-28 19:30:44,614: Received stop signal
bot.bot (INFO) 2023-05-28 19:34:43,924: ****** Trade BOT ******
bot.bot (INFO) 2023-05-28 19:34:43,924: Run strategy bb for BTCUSDT_1m on um-futures-cross
user_data_stream (ERROR) 2023-05-28 19:34:51,805: Stream encountered an error: 'symbol'.
bot.bot (INFO) 2023-05-28 19:35:02,298: Received stop signal
bot.bot (INFO) 2023-05-28 19:35:03,220: Received stop signal
asyncio (ERROR) 2023-05-28 19:35:12,882: Task exception was never retrieved
future: <Task finished name='Task-8' coro=<handle_stream() done, defined at /Users/hudro/code/trade_bot_async/bot/binance_um_futures.py:286> exception=KeyError('symbol')>
Traceback (most recent call last):
  File "/Users/hudro/miniforge3/lib/python3.10/site-packages/pandas/core/indexes/base.py", line 3802, in get_loc
    return self._engine.get_loc(casted_key)
  File "pandas/_libs/index.pyx", line 138, in pandas._libs.index.IndexEngine.get_loc
  File "pandas/_libs/index.pyx", line 165, in pandas._libs.index.IndexEngine.get_loc
  File "pandas/_libs/hashtable_class_helper.pxi", line 5745, in pandas._libs.hashtable.PyObjectHashTable.get_item
  File "pandas/_libs/hashtable_class_helper.pxi", line 5753, in pandas._libs.hashtable.PyObjectHashTable.get_item
KeyError: 'symbol'

The above exception was the direct cause of the following exception:

Traceback (most recent call last):
  File "/Users/hudro/code/trade_bot_async/bot/binance_um_futures.py", line 318, in handle_stream
    raise e
  File "/Users/hudro/code/trade_bot_async/bot/binance_um_futures.py", line 309, in handle_stream
    await handler(msg.json())
  File "/Users/hudro/code/trade_bot_async/bot/bot.py", line 97, in user_data_handler
    mask = self.positions['symbol'] == position['s']
  File "/Users/hudro/miniforge3/lib/python3.10/site-packages/pandas/core/frame.py", line 3807, in __getitem__
    indexer = self.columns.get_loc(key)
  File "/Users/hudro/miniforge3/lib/python3.10/site-packages/pandas/core/indexes/base.py", line 3804, in get_loc
    raise KeyError(key) from err
KeyError: 'symbol'
bot.bot (INFO) 2023-05-28 19:36:10,582: ****** Trade BOT ******
bot.bot (INFO) 2023-05-28 19:36:10,582: Run strategy bb for BTCUSDT_1m on um-futures-cross
user_data_stream (ERROR) 2023-05-28 19:38:14,264: Stream encountered an error: 'entry_price'.Reconnecting...
bot.bot (INFO) 2023-05-28 19:38:27,374: Received stop signal
bot.bot (INFO) 2023-05-28 19:39:02,573: ****** Trade BOT ******
bot.bot (INFO) 2023-05-28 19:39:02,573: Run strategy bb for BTCUSDT_1m on um-futures-cross
user_data_stream (ERROR) 2023-05-28 19:39:16,109: Stream encountered an error: single positional indexer is out-of-bounds.Reconnecting...
bot.bot (INFO) 2023-05-28 19:40:27,853: Received stop signal
bot.bot (INFO) 2023-05-28 19:40:36,473: Received stop signal
bot.bot (INFO) 2023-05-28 19:40:40,080: ****** Trade BOT ******
bot.bot (INFO) 2023-05-28 19:40:40,080: Run strategy bb for BTCUSDT_1m on um-futures-cross
bot.bot (INFO) 2023-05-28 19:41:02,729: Received stop signal
bot.bot (INFO) 2023-05-28 19:44:39,056: ****** Trade BOT ******
bot.bot (INFO) 2023-05-28 19:44:39,056: Run strategy bb for BTCUSDT_1m on um-futures-cross
user_data_stream (ERROR) 2023-05-28 19:44:48,279: Stream encountered an error: Invalid comparison between dtype=datetime64[ns] and Decimal.Reconnecting...
bot.bot (INFO) 2023-05-28 19:45:02,306: Received stop signal
bot.bot (INFO) 2023-05-28 19:53:12,574: ****** Trade BOT ******
bot.bot (INFO) 2023-05-28 19:53:12,574: Run strategy bb for BTCUSDT_1m on um-futures-cross
wss_klines (WARNING) 2023-05-28 20:45:24,709: Connection closed, retrying...
wss_klines (WARNING) 2023-05-29 00:35:49,674: Connection closed, retrying...
wss_klines (WARNING) 2023-05-29 03:46:57,134: Connection closed, retrying...
wss_klines (WARNING) 2023-05-29 04:57:35,418: Connection closed, retrying...
wss_klines (WARNING) 2023-05-29 08:00:01,278: Connection closed, retrying...
wss_klines (WARNING) 2023-05-29 09:10:52,224: Connection closed, retrying...
wss_klines (WARNING) 2023-05-29 09:49:23,820: Connection closed, retrying...
bot.bot (INFO) 2023-05-29 09:51:44,992: Received stop signal
bot.bot (INFO) 2023-05-29 11:48:56,579: ****** Trade BOT ******
bot.bot (INFO) 2023-05-29 11:48:56,579: Run strategy bb for BTCUSDT_1m on um-futures-cross
bot.bot (INFO) 2023-05-29 11:49:28,789: Received stop signal
asyncio (ERROR) 2023-05-29 11:49:28,791: unhandled exception during asyncio.run() shutdown
task: <Task finished name='Task-8' coro=<handle_stream() done, defined at /Users/hudro/code/trade_bot_async/bot/binance_um_futures.py:301> exception=AttributeError("module 'websockets' has no attribute 'exceptions'")>
Traceback (most recent call last):
  File "/Users/hudro/code/trade_bot_async/bot/binance_um_futures.py", line 321, in handle_stream
    async for msg in ws:
  File "/Users/hudro/miniforge3/lib/python3.10/site-packages/aiohttp/client_ws.py", line 297, in __anext__
    msg = await self.receive()
  File "/Users/hudro/miniforge3/lib/python3.10/site-packages/aiohttp/client_ws.py", line 229, in receive
    msg = await self._reader.read()
  File "/Users/hudro/miniforge3/lib/python3.10/site-packages/aiohttp/streams.py", line 657, in read
    return await super().read()
  File "/Users/hudro/miniforge3/lib/python3.10/site-packages/aiohttp/streams.py", line 616, in read
    await self._waiter
asyncio.exceptions.CancelledError

During handling of the above exception, another exception occurred:

Traceback (most recent call last):
  File "/Users/hudro/code/trade_bot_async/bot/binance_um_futures.py", line 325, in handle_stream
    except (websockets.exceptions.ConnectionClosedError, websockets.exceptions.ConnectionClosedOK) as e:
  File "/Users/hudro/miniforge3/lib/python3.10/site-packages/websockets/imports.py", line 92, in __getattr__
    raise AttributeError(f"module {package!r} has no attribute {name!r}")
AttributeError: module 'websockets' has no attribute 'exceptions'
bot.bot (INFO) 2023-05-29 11:49:36,877: ****** Trade BOT ******
bot.bot (INFO) 2023-05-29 11:49:36,878: Run strategy bb for BTCUSDT_1m on um-futures-cross
bot.bot (INFO) 2023-05-29 11:50:55,446: Received stop signal
asyncio (ERROR) 2023-05-29 11:50:55,448: unhandled exception during asyncio.run() shutdown
task: <Task finished name='Task-8' coro=<handle_stream() done, defined at /Users/hudro/code/trade_bot_async/bot/binance_um_futures.py:301> exception=AttributeError("module 'websockets' has no attribute 'exceptions'")>
Traceback (most recent call last):
  File "/Users/hudro/code/trade_bot_async/bot/binance_um_futures.py", line 321, in handle_stream
    async for msg in ws:
  File "/Users/hudro/miniforge3/lib/python3.10/site-packages/aiohttp/client_ws.py", line 297, in __anext__
    msg = await self.receive()
  File "/Users/hudro/miniforge3/lib/python3.10/site-packages/aiohttp/client_ws.py", line 229, in receive
    msg = await self._reader.read()
  File "/Users/hudro/miniforge3/lib/python3.10/site-packages/aiohttp/streams.py", line 657, in read
    return await super().read()
  File "/Users/hudro/miniforge3/lib/python3.10/site-packages/aiohttp/streams.py", line 616, in read
    await self._waiter
asyncio.exceptions.CancelledError

During handling of the above exception, another exception occurred:

Traceback (most recent call last):
  File "/Users/hudro/code/trade_bot_async/bot/binance_um_futures.py", line 325, in handle_stream
    except (websockets.exceptions.ConnectionClosedError, websockets.exceptions.ConnectionClosedOK) as e:
  File "/Users/hudro/miniforge3/lib/python3.10/site-packages/websockets/imports.py", line 92, in __getattr__
    raise AttributeError(f"module {package!r} has no attribute {name!r}")
AttributeError: module 'websockets' has no attribute 'exceptions'
asyncio (DEBUG) 2023-05-29 11:51:12,827: Using selector: KqueueSelector
bot.bot (INFO) 2023-05-29 11:51:12,829: ****** Trade BOT ******
bot.bot (INFO) 2023-05-29 11:51:12,830: Run strategy bb for BTCUSDT_1m on um-futures-cross
get_klines (DEBUG) 2023-05-29 11:51:14,140: raw response: [[1685371620000,"27808.00","27809.00","27785.60","27787.80","362.933",1685371679999,"10087412.32350",2783,"97.182","2701266.04750","0"],[1685371680000,"27787.90","27788.50","27765.00","27775.10","625.202",1685371739999,"17364891.12300",4900,"246.726","6852645.11150","0"],[1685371740000,"27775.10","27782.80","27755.00","27758.50","599.983",1685371799999,"16659003.41270",4982,"228.511","6344628.54560","0"],[1685371800000,"27758.50","27792.00","27758.40","27778.10","691.248",1685371859999,"19202231.76270",5193,"427.710","11881155.03860","0"],[1685371860000,"27778.00","27779.30","27765.20","27770.00","87.349",1685371919999,"2425986.18250",1046,"21.545","598337.15480","0"]]
user_data_stream (DEBUG) 2023-05-29 11:51:14,143: Got listen key: xHLVmWxOrifod1AV1Z7YWeN37va8gWBsyY7zexQqXq73pBqs9YFmfx0T2Zg3cpZ1
bot.bot (INFO) 2023-05-29 11:51:39,062: Received stop signal
asyncio (ERROR) 2023-05-29 11:51:39,064: unhandled exception during asyncio.run() shutdown
task: <Task finished name='Task-8' coro=<handle_stream() done, defined at /Users/hudro/code/trade_bot_async/bot/binance_um_futures.py:301> exception=AttributeError("module 'websockets' has no attribute 'exceptions'")>
Traceback (most recent call last):
  File "/Users/hudro/code/trade_bot_async/bot/binance_um_futures.py", line 321, in handle_stream
    async for msg in ws:
  File "/Users/hudro/miniforge3/lib/python3.10/site-packages/aiohttp/client_ws.py", line 297, in __anext__
    msg = await self.receive()
  File "/Users/hudro/miniforge3/lib/python3.10/site-packages/aiohttp/client_ws.py", line 229, in receive
    msg = await self._reader.read()
  File "/Users/hudro/miniforge3/lib/python3.10/site-packages/aiohttp/streams.py", line 657, in read
    return await super().read()
  File "/Users/hudro/miniforge3/lib/python3.10/site-packages/aiohttp/streams.py", line 616, in read
    await self._waiter
asyncio.exceptions.CancelledError

During handling of the above exception, another exception occurred:

Traceback (most recent call last):
  File "/Users/hudro/code/trade_bot_async/bot/binance_um_futures.py", line 325, in handle_stream
    except (websockets.exceptions.ConnectionClosedError, websockets.exceptions.ConnectionClosedOK) as e:
  File "/Users/hudro/miniforge3/lib/python3.10/site-packages/websockets/imports.py", line 92, in __getattr__
    raise AttributeError(f"module {package!r} has no attribute {name!r}")
AttributeError: module 'websockets' has no attribute 'exceptions'
asyncio (DEBUG) 2023-05-29 11:52:32,948: Using selector: KqueueSelector
bot.bot (INFO) 2023-05-29 11:52:32,950: ****** Trade BOT ******
bot.bot (INFO) 2023-05-29 11:52:32,950: Run strategy bb for BTCUSDT_1m on um-futures-cross
user_data_stream (DEBUG) 2023-05-29 11:52:34,336: Got listen key: xHLVmWxOrifod1AV1Z7YWeN37va8gWBsyY7zexQqXq73pBqs9YFmfx0T2Zg3cpZ1
get_klines (DEBUG) 2023-05-29 11:52:34,336: raw response: [[1685371680000,"27787.90","27788.50","27765.00","27775.10","625.202",1685371739999,"17364891.12300",4900,"246.726","6852645.11150","0"],[1685371740000,"27775.10","27782.80","27755.00","27758.50","599.983",1685371799999,"16659003.41270",4982,"228.511","6344628.54560","0"],[1685371800000,"27758.50","27792.00","27758.40","27778.10","691.248",1685371859999,"19202231.76270",5193,"427.710","11881155.03860","0"],[1685371860000,"27778.00","27812.00","27765.20","27801.10","736.909",1685371919999,"20481994.07470",5623,"508.324","14128718.73260","0"],[1685371920000,"27801.00","27801.10","27788.60","27792.80","150.212",1685371979999,"4174996.90080",1336,"52.745","1466020.55580","0"]]
bot.bot (INFO) 2023-05-29 11:53:25,816: Received stop signal
asyncio (ERROR) 2023-05-29 11:53:25,817: unhandled exception during asyncio.run() shutdown
task: <Task finished name='Task-8' coro=<handle_stream() done, defined at /Users/hudro/code/trade_bot_async/bot/binance_um_futures.py:301> exception=AttributeError("module 'websockets' has no attribute 'exceptions'")>
Traceback (most recent call last):
  File "/Users/hudro/code/trade_bot_async/bot/binance_um_futures.py", line 321, in handle_stream
    async for msg in ws:
  File "/Users/hudro/miniforge3/lib/python3.10/site-packages/aiohttp/client_ws.py", line 297, in __anext__
    msg = await self.receive()
  File "/Users/hudro/miniforge3/lib/python3.10/site-packages/aiohttp/client_ws.py", line 229, in receive
    msg = await self._reader.read()
  File "/Users/hudro/miniforge3/lib/python3.10/site-packages/aiohttp/streams.py", line 657, in read
    return await super().read()
  File "/Users/hudro/miniforge3/lib/python3.10/site-packages/aiohttp/streams.py", line 616, in read
    await self._waiter
asyncio.exceptions.CancelledError

During handling of the above exception, another exception occurred:

Traceback (most recent call last):
  File "/Users/hudro/code/trade_bot_async/bot/binance_um_futures.py", line 325, in handle_stream
    except (websockets.exceptions.ConnectionClosedError, websockets.exceptions.ConnectionClosedOK) as e:
  File "/Users/hudro/miniforge3/lib/python3.10/site-packages/websockets/imports.py", line 92, in __getattr__
    raise AttributeError(f"module {package!r} has no attribute {name!r}")
AttributeError: module 'websockets' has no attribute 'exceptions'
asyncio (DEBUG) 2023-05-29 11:54:57,139: Using selector: KqueueSelector
bot.bot (INFO) 2023-05-29 11:54:57,141: ****** Trade BOT ******
bot.bot (INFO) 2023-05-29 11:54:57,141: Run strategy bb for BTCUSDT_1m on um-futures-cross
user_data_stream (DEBUG) 2023-05-29 11:54:58,408: Got listen key: xHLVmWxOrifod1AV1Z7YWeN37va8gWBsyY7zexQqXq73pBqs9YFmfx0T2Zg3cpZ1
get_klines (DEBUG) 2023-05-29 11:54:58,409: raw response: [[1685371800000,"27758.50","27792.00","27758.40","27778.10","691.248",1685371859999,"19202231.76270",5193,"427.710","11881155.03860","0"],[1685371860000,"27778.00","27812.00","27765.20","27801.10","736.909",1685371919999,"20481994.07470",5623,"508.324","14128718.73260","0"],[1685371920000,"27801.00","27801.10","27788.60","27790.40","213.229",1685371979999,"5926296.99400",1931,"71.875","1997664.60490","0"],[1685371980000,"27790.50","27798.00","27790.00","27796.60","190.096",1685372039999,"5283531.19840",1771,"81.829","2274366.95080","0"],[1685372040000,"27796.70","27804.40","27793.70","27796.10","145.250",1685372099999,"4037877.95520",1603,"84.084","2337424.82230","0"]]
bot.bot (INFO) 2023-05-29 11:55:40,263: Received stop signal
asyncio (ERROR) 2023-05-29 11:55:40,265: unhandled exception during asyncio.run() shutdown
task: <Task finished name='Task-8' coro=<handle_stream() done, defined at /Users/hudro/code/trade_bot_async/bot/binance_um_futures.py:301> exception=AttributeError("module 'websockets' has no attribute 'exceptions'")>
Traceback (most recent call last):
  File "/Users/hudro/code/trade_bot_async/bot/binance_um_futures.py", line 321, in handle_stream
    async for msg in ws:
  File "/Users/hudro/miniforge3/lib/python3.10/site-packages/aiohttp/client_ws.py", line 297, in __anext__
    msg = await self.receive()
  File "/Users/hudro/miniforge3/lib/python3.10/site-packages/aiohttp/client_ws.py", line 229, in receive
    msg = await self._reader.read()
  File "/Users/hudro/miniforge3/lib/python3.10/site-packages/aiohttp/streams.py", line 657, in read
    return await super().read()
  File "/Users/hudro/miniforge3/lib/python3.10/site-packages/aiohttp/streams.py", line 616, in read
    await self._waiter
asyncio.exceptions.CancelledError

During handling of the above exception, another exception occurred:

Traceback (most recent call last):
  File "/Users/hudro/code/trade_bot_async/bot/binance_um_futures.py", line 325, in handle_stream
    except (websockets.exceptions.ConnectionClosedError, websockets.exceptions.ConnectionClosedOK) as e:
  File "/Users/hudro/miniforge3/lib/python3.10/site-packages/websockets/imports.py", line 92, in __getattr__
    raise AttributeError(f"module {package!r} has no attribute {name!r}")
AttributeError: module 'websockets' has no attribute 'exceptions'
asyncio (DEBUG) 2023-05-29 11:56:25,406: Using selector: KqueueSelector
bot.bot (INFO) 2023-05-29 11:56:25,409: ****** Trade BOT ******
bot.bot (INFO) 2023-05-29 11:56:25,409: Run strategy bb for BTCUSDT_1m on um-futures-cross
user_data_stream (DEBUG) 2023-05-29 11:56:26,620: Got listen key: xHLVmWxOrifod1AV1Z7YWeN37va8gWBsyY7zexQqXq73pBqs9YFmfx0T2Zg3cpZ1
get_klines (DEBUG) 2023-05-29 11:56:26,622: raw response: [[1685371920000,"27801.00","27801.10","27788.60","27790.40","213.229",1685371979999,"5926296.99400",1931,"71.875","1997664.60490","0"],[1685371980000,"27790.50","27798.00","27790.00","27796.60","190.096",1685372039999,"5283531.19840",1771,"81.829","2274366.95080","0"],[1685372040000,"27796.70","27804.40","27793.70","27796.10","146.065",1685372099999,"4060531.83520",1619,"84.669","2353685.59930","0"],[1685372100000,"27796.20","27801.20","27796.10","27800.20","105.339",1685372159999,"2928234.41040",1300,"68.228","1896580.13500","0"],[1685372160000,"27800.10","27800.20","27785.10","27788.30","121.079",1685372219999,"3364802.45450",1174,"28.639","795867.53300","0"]]
bot.bot (INFO) 2023-05-29 11:56:31,209: Received stop signal
asyncio (ERROR) 2023-05-29 11:56:31,210: unhandled exception during asyncio.run() shutdown
task: <Task finished name='Task-8' coro=<handle_stream() done, defined at /Users/hudro/code/trade_bot_async/bot/binance_um_futures.py:301> exception=AttributeError("module 'websockets' has no attribute 'exceptions'")>
Traceback (most recent call last):
  File "/Users/hudro/miniforge3/lib/python3.10/asyncio/runners.py", line 44, in run
    return loop.run_until_complete(main)
  File "/Users/hudro/miniforge3/lib/python3.10/asyncio/base_events.py", line 649, in run_until_complete
    return future.result()
  File "/Users/hudro/code/trade_bot_async/main.py", line 35, in main
    await bot.run()
  File "/Users/hudro/code/trade_bot_async/bot/bot.py", line 284, in run
    await asyncio.gather(*tasks)
  File "/Users/hudro/code/trade_bot_async/bot/bot.py", line 259, in run_strategy
    await self.download_klines(strategy)
  File "/Users/hudro/code/trade_bot_async/bot/bot.py", line 249, in download_klines
    df = self.change_type_df(df)
AttributeError: 'Bot' object has no attribute 'change_type_df'

During handling of the above exception, another exception occurred:

Traceback (most recent call last):
  File "/Users/hudro/code/trade_bot_async/bot/binance_um_futures.py", line 321, in handle_stream
    async for msg in ws:
  File "/Users/hudro/miniforge3/lib/python3.10/site-packages/aiohttp/client_ws.py", line 297, in __anext__
    msg = await self.receive()
  File "/Users/hudro/miniforge3/lib/python3.10/site-packages/aiohttp/client_ws.py", line 229, in receive
    msg = await self._reader.read()
  File "/Users/hudro/miniforge3/lib/python3.10/site-packages/aiohttp/streams.py", line 657, in read
    return await super().read()
  File "/Users/hudro/miniforge3/lib/python3.10/site-packages/aiohttp/streams.py", line 616, in read
    await self._waiter
asyncio.exceptions.CancelledError

During handling of the above exception, another exception occurred:

Traceback (most recent call last):
  File "/Users/hudro/code/trade_bot_async/bot/binance_um_futures.py", line 325, in handle_stream
    except (websockets.exceptions.ConnectionClosedError, websockets.exceptions.ConnectionClosedOK) as e:
  File "/Users/hudro/miniforge3/lib/python3.10/site-packages/websockets/imports.py", line 92, in __getattr__
    raise AttributeError(f"module {package!r} has no attribute {name!r}")
AttributeError: module 'websockets' has no attribute 'exceptions'
asyncio (DEBUG) 2023-05-29 12:00:11,985: Using selector: KqueueSelector
bot.bot (INFO) 2023-05-29 12:00:11,988: ****** Trade BOT ******
bot.bot (INFO) 2023-05-29 12:00:11,988: Run strategy bb for BTCUSDT_1m on um-futures-cross
user_data_stream (DEBUG) 2023-05-29 12:00:13,269: Got listen key: xHLVmWxOrifod1AV1Z7YWeN37va8gWBsyY7zexQqXq73pBqs9YFmfx0T2Zg3cpZ1
get_klines (DEBUG) 2023-05-29 12:00:13,293: raw response: [[1685372160000,"27800.10","27800.20","27778.30","27778.40","163.870",1685372219999,"4553725.06960",2042,"42.627","1184529.11600","0"],[1685372220000,"27778.30","27782.10","27771.10","27775.60","320.650",1685372279999,"8906498.79330",2694,"128.112","3558443.86840","0"],[1685372280000,"27775.50","27775.60","27753.90","27756.10","365.880",1685372339999,"10158557.94360",3124,"96.082","2667624.27320","0"],[1685372340000,"27756.20","27782.00","27651.00","27782.00","5388.225",1685372399999,"149368004.28412",27858,"1923.189","53341345.58350","0"],[1685372400000,"27781.90","27783.40","27763.90","27766.80","224.424",1685372459999,"6232938.97330",1691,"93.907","2608091.03800","0"]]
bot.bot (CRITICAL) 2023-05-29 12:00:13,297: 'Bot' object has no attribute 'change_type_df'
bot.bot (INFO) 2023-05-29 12:00:25,956: Received stop signal
asyncio (ERROR) 2023-05-29 12:00:25,958: unhandled exception during asyncio.run() shutdown
task: <Task finished name='Task-8' coro=<handle_stream() done, defined at /Users/hudro/code/trade_bot_async/bot/binance_um_futures.py:301> exception=AttributeError("module 'websockets' has no attribute 'exceptions'")>
Traceback (most recent call last):
  File "/Users/hudro/miniforge3/lib/python3.10/asyncio/runners.py", line 44, in run
    return loop.run_until_complete(main)
  File "/Users/hudro/miniforge3/lib/python3.10/asyncio/base_events.py", line 649, in run_until_complete
    return future.result()
  File "/Users/hudro/code/trade_bot_async/main.py", line 35, in main
    await bot.run()
  File "/Users/hudro/code/trade_bot_async/bot/bot.py", line 288, in run
    await asyncio.gather(*tasks)
  File "/Users/hudro/code/trade_bot_async/bot/bot.py", line 266, in run_strategy
    raise e
  File "/Users/hudro/code/trade_bot_async/bot/bot.py", line 260, in run_strategy
    await self.download_klines(strategy)
  File "/Users/hudro/code/trade_bot_async/bot/bot.py", line 249, in download_klines
    df = self.change_type_df(df)
AttributeError: 'Bot' object has no attribute 'change_type_df'

During handling of the above exception, another exception occurred:

Traceback (most recent call last):
  File "/Users/hudro/code/trade_bot_async/bot/binance_um_futures.py", line 321, in handle_stream
    async for msg in ws:
  File "/Users/hudro/miniforge3/lib/python3.10/site-packages/aiohttp/client_ws.py", line 297, in __anext__
    msg = await self.receive()
  File "/Users/hudro/miniforge3/lib/python3.10/site-packages/aiohttp/client_ws.py", line 229, in receive
    msg = await self._reader.read()
  File "/Users/hudro/miniforge3/lib/python3.10/site-packages/aiohttp/streams.py", line 657, in read
    return await super().read()
  File "/Users/hudro/miniforge3/lib/python3.10/site-packages/aiohttp/streams.py", line 616, in read
    await self._waiter
asyncio.exceptions.CancelledError

During handling of the above exception, another exception occurred:

Traceback (most recent call last):
  File "/Users/hudro/code/trade_bot_async/bot/binance_um_futures.py", line 325, in handle_stream
    except (websockets.exceptions.ConnectionClosedError, websockets.exceptions.ConnectionClosedOK) as e:
  File "/Users/hudro/miniforge3/lib/python3.10/site-packages/websockets/imports.py", line 92, in __getattr__
    raise AttributeError(f"module {package!r} has no attribute {name!r}")
AttributeError: module 'websockets' has no attribute 'exceptions'
bot.bot (INFO) 2023-05-29 12:01:32,372: ****** Trade BOT ******
bot.bot (INFO) 2023-05-29 12:01:32,372: Run strategy bb for BTCUSDT_1m on um-futures-cross
bot.bot (INFO) 2023-05-29 12:01:37,965: Received stop signal
bot.bot (INFO) 2023-05-29 12:03:26,108: ****** Trade BOT ******
bot.bot (INFO) 2023-05-29 12:03:26,108: Run strategy bb for BTCUSDT_1m on um-futures-cross
bot.bot (INFO) 2023-05-29 12:04:07,296: Received stop signal
bot.bot (INFO) 2023-05-29 12:06:59,504: ****** Trade BOT ******
bot.bot (INFO) 2023-05-29 12:06:59,505: Run strategy bb for BTCUSDT_1m on um-futures-cross
bot.bot (INFO) 2023-05-29 12:07:05,911: Received stop signal
bot.bot (INFO) 2023-05-29 12:09:43,560: ****** Trade BOT ******
bot.bot (INFO) 2023-05-29 12:09:43,560: Run strategy bb for BTCUSDT_1m on um-futures-cross
bot.bot (INFO) 2023-05-29 12:10:24,500: Received stop signal
bot.bot (INFO) 2023-05-29 12:53:51,397: ****** Trade BOT ******
bot.bot (INFO) 2023-05-29 12:53:51,397: Run strategy bb for BTCUSDT_1m on um-futures-cross
bot.bot (INFO) 2023-05-29 12:56:07,041: Received stop signal
bot.bot (INFO) 2023-05-29 13:07:00,444: ****** Trade BOT ******
bot.bot (INFO) 2023-05-29 13:07:00,445: Run strategy bb for BTCUSDT_1m on um-futures-cross
bot.bot (INFO) 2023-05-29 13:07:25,137: Received stop signal
bot.bot (INFO) 2023-05-30 11:49:18,680: ****** Trade BOT ******
bot.bot (INFO) 2023-05-30 11:49:18,697: Run strategy bb for BTCUSDT_1m on um-futures-cross
bot.bot (ERROR) 2023-05-30 11:49:19,987: 'quotePrecision'
bot.bot (INFO) 2023-05-30 11:49:33,019: Received stop signal
bot.bot (INFO) 2023-05-30 11:50:26,297: ****** Trade BOT ******
bot.bot (INFO) 2023-05-30 11:50:26,314: Run strategy bb for BTCUSDT_1m on um-futures-cross
bot.base_bot (INFO) 2023-05-30 12:30:49,401: ****** Trade BOT ******
bot.base_bot (INFO) 2023-05-30 12:30:49,418: Run strategy bb for BTCUSDT_1m on um-futures-cross
bot.base_bot (INFO) 2023-05-30 12:31:01,979: Received stop signal
bot.base_bot (INFO) 2023-05-30 12:33:34,327: ****** Trade BOT ******
bot.base_bot (INFO) 2023-05-30 12:33:34,343: Run strategy bb for BTCUSDT_1m on um-futures-cross
bot.base_bot (INFO) 2023-05-30 12:33:36,377: Received stop signal
main (INFO) 2023-05-30 12:33:36,377: Exit.
bot.base_bot (INFO) 2023-05-30 12:35:53,351: ****** Trade BOT ******
bot.base_bot (INFO) 2023-05-30 12:35:53,369: Run strategy bb for BTCUSDT_1m on um-futures-cross
bot.base_bot (INFO) 2023-05-30 12:36:05,765: Received stop signal
main (INFO) 2023-05-30 12:36:05,766: Exit
bot.base_bot (INFO) 2023-05-30 12:38:47,453: ****** Trade BOT ******
bot.base_bot (INFO) 2023-05-30 12:38:47,470: Run strategy bb for BTCUSDT_1m on um-futures-cross
bot.base_bot (INFO) 2023-05-30 12:38:56,961: Received stop signal
main (INFO) 2023-05-30 12:38:56,962: Exit
bot.base_bot (INFO) 2023-05-30 14:08:31,048: ****** Trade BOT ******
bot.base_bot (INFO) 2023-05-30 14:08:31,065: Run strategy bb for BTCUSDT_1m on um-futures-cross
bot.base_bot (INFO) 2023-05-30 14:08:39,563: Received stop signal
main (INFO) 2023-05-30 14:08:39,565: Exit
bot.base_bot (INFO) 2023-05-30 14:24:22,841: ****** Trade BOT ******
bot.base_bot (INFO) 2023-05-30 14:24:22,858: Run strategy bb for BTCUSDT_1m on um-futures-cross
bot.strategies.bb_strategy (ERROR) 2023-05-30 14:25:00,155: BaseBot.last_price() missing 2 required positional arguments: 'market' and 'symbol'
bot.bot (ERROR) 2023-05-30 14:25:00,156: BaseBot.last_price() missing 2 required positional arguments: 'market' and 'symbol'
wss_klines (ERROR) 2023-05-30 15:37:51,929: An unexpected error occurred: BaseBot.last_price() missing 2 required positional arguments: 'market' and 'symbol'
bot.strategies.bb_strategy (ERROR) 2023-05-30 15:38:00,262: BaseBot.last_price() missing 2 required positional arguments: 'market' and 'symbol'
bot.bot (ERROR) 2023-05-30 15:38:00,262: BaseBot.last_price() missing 2 required positional arguments: 'market' and 'symbol'
wss_klines (ERROR) 2023-05-30 15:38:10,848: An unexpected error occurred: BaseBot.last_price() missing 2 required positional arguments: 'market' and 'symbol'
bot.strategies.bb_strategy (ERROR) 2023-05-30 15:39:00,120: BaseBot.last_price() missing 2 required positional arguments: 'market' and 'symbol'
bot.bot (ERROR) 2023-05-30 15:39:00,120: BaseBot.last_price() missing 2 required positional arguments: 'market' and 'symbol'
wss_klines (ERROR) 2023-05-30 15:39:00,405: An unexpected error occurred: BaseBot.last_price() missing 2 required positional arguments: 'market' and 'symbol'
bot.strategies.bb_strategy (ERROR) 2023-05-30 15:40:00,166: BaseBot.last_price() missing 2 required positional arguments: 'market' and 'symbol'
bot.bot (ERROR) 2023-05-30 15:40:00,166: BaseBot.last_price() missing 2 required positional arguments: 'market' and 'symbol'
wss_klines (ERROR) 2023-05-30 15:40:00,456: An unexpected error occurred: BaseBot.last_price() missing 2 required positional arguments: 'market' and 'symbol'
bot.strategies.bb_strategy (ERROR) 2023-05-30 15:41:00,268: BaseBot.last_price() missing 2 required positional arguments: 'market' and 'symbol'
bot.bot (ERROR) 2023-05-30 15:41:00,268: BaseBot.last_price() missing 2 required positional arguments: 'market' and 'symbol'
wss_klines (ERROR) 2023-05-30 15:41:10,858: An unexpected error occurred: BaseBot.last_price() missing 2 required positional arguments: 'market' and 'symbol'
bot.strategies.bb_strategy (ERROR) 2023-05-30 15:42:00,149: BaseBot.last_price() missing 2 required positional arguments: 'market' and 'symbol'
bot.bot (ERROR) 2023-05-30 15:42:00,149: BaseBot.last_price() missing 2 required positional arguments: 'market' and 'symbol'
wss_klines (ERROR) 2023-05-30 15:42:10,732: An unexpected error occurred: BaseBot.last_price() missing 2 required positional arguments: 'market' and 'symbol'
bot.strategies.bb_strategy (ERROR) 2023-05-30 15:43:00,167: BaseBot.last_price() missing 2 required positional arguments: 'market' and 'symbol'
bot.bot (ERROR) 2023-05-30 15:43:00,168: BaseBot.last_price() missing 2 required positional arguments: 'market' and 'symbol'
wss_klines (ERROR) 2023-05-30 15:43:00,458: An unexpected error occurred: BaseBot.last_price() missing 2 required positional arguments: 'market' and 'symbol'
bot.strategies.bb_strategy (ERROR) 2023-05-30 15:44:00,165: BaseBot.last_price() missing 2 required positional arguments: 'market' and 'symbol'
bot.bot (ERROR) 2023-05-30 15:44:00,165: BaseBot.last_price() missing 2 required positional arguments: 'market' and 'symbol'
wss_klines (ERROR) 2023-05-30 15:44:10,888: An unexpected error occurred: BaseBot.last_price() missing 2 required positional arguments: 'market' and 'symbol'
bot.strategies.bb_strategy (ERROR) 2023-05-30 15:45:00,211: BaseBot.last_price() missing 2 required positional arguments: 'market' and 'symbol'
bot.bot (ERROR) 2023-05-30 15:45:00,211: BaseBot.last_price() missing 2 required positional arguments: 'market' and 'symbol'
wss_klines (ERROR) 2023-05-30 15:45:10,809: An unexpected error occurred: BaseBot.last_price() missing 2 required positional arguments: 'market' and 'symbol'
bot.strategies.bb_strategy (ERROR) 2023-05-30 15:46:00,132: BaseBot.last_price() missing 2 required positional arguments: 'market' and 'symbol'
bot.bot (ERROR) 2023-05-30 15:46:00,132: BaseBot.last_price() missing 2 required positional arguments: 'market' and 'symbol'
wss_klines (ERROR) 2023-05-30 15:46:10,712: An unexpected error occurred: BaseBot.last_price() missing 2 required positional arguments: 'market' and 'symbol'
bot.strategies.bb_strategy (ERROR) 2023-05-30 15:47:00,177: BaseBot.last_price() missing 2 required positional arguments: 'market' and 'symbol'
bot.bot (ERROR) 2023-05-30 15:47:00,177: BaseBot.last_price() missing 2 required positional arguments: 'market' and 'symbol'
wss_klines (ERROR) 2023-05-30 15:47:10,754: An unexpected error occurred: BaseBot.last_price() missing 2 required positional arguments: 'market' and 'symbol'
bot.strategies.bb_strategy (ERROR) 2023-05-30 15:48:00,276: BaseBot.last_price() missing 2 required positional arguments: 'market' and 'symbol'
bot.bot (ERROR) 2023-05-30 15:48:00,276: BaseBot.last_price() missing 2 required positional arguments: 'market' and 'symbol'
wss_klines (ERROR) 2023-05-30 15:48:10,861: An unexpected error occurred: BaseBot.last_price() missing 2 required positional arguments: 'market' and 'symbol'
bot.strategies.bb_strategy (ERROR) 2023-05-30 15:49:00,231: BaseBot.last_price() missing 2 required positional arguments: 'market' and 'symbol'
bot.bot (ERROR) 2023-05-30 15:49:00,231: BaseBot.last_price() missing 2 required positional arguments: 'market' and 'symbol'
wss_klines (ERROR) 2023-05-30 15:49:10,800: An unexpected error occurred: BaseBot.last_price() missing 2 required positional arguments: 'market' and 'symbol'
bot.strategies.bb_strategy (ERROR) 2023-05-30 15:50:00,143: BaseBot.last_price() missing 2 required positional arguments: 'market' and 'symbol'
bot.bot (ERROR) 2023-05-30 15:50:00,144: BaseBot.last_price() missing 2 required positional arguments: 'market' and 'symbol'
wss_klines (ERROR) 2023-05-30 15:50:10,720: An unexpected error occurred: BaseBot.last_price() missing 2 required positional arguments: 'market' and 'symbol'
bot.strategies.bb_strategy (ERROR) 2023-05-30 15:51:00,249: BaseBot.last_price() missing 2 required positional arguments: 'market' and 'symbol'
bot.bot (ERROR) 2023-05-30 15:51:00,249: BaseBot.last_price() missing 2 required positional arguments: 'market' and 'symbol'
wss_klines (ERROR) 2023-05-30 15:51:10,828: An unexpected error occurred: BaseBot.last_price() missing 2 required positional arguments: 'market' and 'symbol'
bot.strategies.bb_strategy (ERROR) 2023-05-30 15:52:00,264: BaseBot.last_price() missing 2 required positional arguments: 'market' and 'symbol'
bot.bot (ERROR) 2023-05-30 15:52:00,264: BaseBot.last_price() missing 2 required positional arguments: 'market' and 'symbol'
wss_klines (ERROR) 2023-05-30 15:52:10,845: An unexpected error occurred: BaseBot.last_price() missing 2 required positional arguments: 'market' and 'symbol'
bot.strategies.bb_strategy (ERROR) 2023-05-30 15:53:00,185: BaseBot.last_price() missing 2 required positional arguments: 'market' and 'symbol'
bot.bot (ERROR) 2023-05-30 15:53:00,186: BaseBot.last_price() missing 2 required positional arguments: 'market' and 'symbol'
wss_klines (ERROR) 2023-05-30 15:53:10,771: An unexpected error occurred: BaseBot.last_price() missing 2 required positional arguments: 'market' and 'symbol'
bot.strategies.bb_strategy (ERROR) 2023-05-30 15:54:00,197: BaseBot.last_price() missing 2 required positional arguments: 'market' and 'symbol'
bot.bot (ERROR) 2023-05-30 15:54:00,198: BaseBot.last_price() missing 2 required positional arguments: 'market' and 'symbol'
wss_klines (ERROR) 2023-05-30 15:54:10,799: An unexpected error occurred: BaseBot.last_price() missing 2 required positional arguments: 'market' and 'symbol'
bot.strategies.bb_strategy (ERROR) 2023-05-30 15:55:00,286: BaseBot.last_price() missing 2 required positional arguments: 'market' and 'symbol'
bot.bot (ERROR) 2023-05-30 15:55:00,286: BaseBot.last_price() missing 2 required positional arguments: 'market' and 'symbol'
wss_klines (ERROR) 2023-05-30 15:55:10,919: An unexpected error occurred: BaseBot.last_price() missing 2 required positional arguments: 'market' and 'symbol'
bot.strategies.bb_strategy (ERROR) 2023-05-30 15:56:00,154: BaseBot.last_price() missing 2 required positional arguments: 'market' and 'symbol'
bot.bot (ERROR) 2023-05-30 15:56:00,154: BaseBot.last_price() missing 2 required positional arguments: 'market' and 'symbol'
wss_klines (ERROR) 2023-05-30 15:56:10,823: An unexpected error occurred: BaseBot.last_price() missing 2 required positional arguments: 'market' and 'symbol'
bot.strategies.bb_strategy (ERROR) 2023-05-30 15:57:00,278: BaseBot.last_price() missing 2 required positional arguments: 'market' and 'symbol'
bot.bot (ERROR) 2023-05-30 15:57:00,278: BaseBot.last_price() missing 2 required positional arguments: 'market' and 'symbol'
wss_klines (ERROR) 2023-05-30 15:57:00,601: An unexpected error occurred: BaseBot.last_price() missing 2 required positional arguments: 'market' and 'symbol'
bot.strategies.bb_strategy (ERROR) 2023-05-30 15:58:00,181: BaseBot.last_price() missing 2 required positional arguments: 'market' and 'symbol'
bot.bot (ERROR) 2023-05-30 15:58:00,181: BaseBot.last_price() missing 2 required positional arguments: 'market' and 'symbol'
wss_klines (ERROR) 2023-05-30 15:58:10,871: An unexpected error occurred: BaseBot.last_price() missing 2 required positional arguments: 'market' and 'symbol'
bot.strategies.bb_strategy (ERROR) 2023-05-30 15:59:00,214: BaseBot.last_price() missing 2 required positional arguments: 'market' and 'symbol'
bot.bot (ERROR) 2023-05-30 15:59:00,214: BaseBot.last_price() missing 2 required positional arguments: 'market' and 'symbol'
wss_klines (ERROR) 2023-05-30 15:59:10,796: An unexpected error occurred: BaseBot.last_price() missing 2 required positional arguments: 'market' and 'symbol'
bot.strategies.bb_strategy (ERROR) 2023-05-30 16:00:00,187: BaseBot.last_price() missing 2 required positional arguments: 'market' and 'symbol'
bot.bot (ERROR) 2023-05-30 16:00:00,187: BaseBot.last_price() missing 2 required positional arguments: 'market' and 'symbol'
wss_klines (ERROR) 2023-05-30 16:00:10,857: An unexpected error occurred: BaseBot.last_price() missing 2 required positional arguments: 'market' and 'symbol'
bot.strategies.bb_strategy (ERROR) 2023-05-30 16:01:00,210: BaseBot.last_price() missing 2 required positional arguments: 'market' and 'symbol'
bot.bot (ERROR) 2023-05-30 16:01:00,211: BaseBot.last_price() missing 2 required positional arguments: 'market' and 'symbol'
wss_klines (ERROR) 2023-05-30 16:01:10,976: An unexpected error occurred: BaseBot.last_price() missing 2 required positional arguments: 'market' and 'symbol'
bot.strategies.bb_strategy (ERROR) 2023-05-30 16:02:00,278: BaseBot.last_price() missing 2 required positional arguments: 'market' and 'symbol'
bot.bot (ERROR) 2023-05-30 16:02:00,279: BaseBot.last_price() missing 2 required positional arguments: 'market' and 'symbol'
wss_klines (ERROR) 2023-05-30 16:02:10,888: An unexpected error occurred: BaseBot.last_price() missing 2 required positional arguments: 'market' and 'symbol'
bot.strategies.bb_strategy (ERROR) 2023-05-30 16:03:00,259: BaseBot.last_price() missing 2 required positional arguments: 'market' and 'symbol'
bot.bot (ERROR) 2023-05-30 16:03:00,260: BaseBot.last_price() missing 2 required positional arguments: 'market' and 'symbol'
wss_klines (ERROR) 2023-05-30 16:03:11,022: An unexpected error occurred: BaseBot.last_price() missing 2 required positional arguments: 'market' and 'symbol'
bot.strategies.bb_strategy (ERROR) 2023-05-30 16:04:00,181: BaseBot.last_price() missing 2 required positional arguments: 'market' and 'symbol'
bot.bot (ERROR) 2023-05-30 16:04:00,182: BaseBot.last_price() missing 2 required positional arguments: 'market' and 'symbol'
wss_klines (ERROR) 2023-05-30 16:04:10,982: An unexpected error occurred: BaseBot.last_price() missing 2 required positional arguments: 'market' and 'symbol'
bot.strategies.bb_strategy (ERROR) 2023-05-30 16:05:00,300: BaseBot.last_price() missing 2 required positional arguments: 'market' and 'symbol'
bot.bot (ERROR) 2023-05-30 16:05:00,300: BaseBot.last_price() missing 2 required positional arguments: 'market' and 'symbol'
wss_klines (ERROR) 2023-05-30 16:05:10,902: An unexpected error occurred: BaseBot.last_price() missing 2 required positional arguments: 'market' and 'symbol'
bot.strategies.bb_strategy (ERROR) 2023-05-30 16:06:00,392: BaseBot.last_price() missing 2 required positional arguments: 'market' and 'symbol'
bot.bot (ERROR) 2023-05-30 16:06:00,393: BaseBot.last_price() missing 2 required positional arguments: 'market' and 'symbol'
wss_klines (ERROR) 2023-05-30 16:06:11,044: An unexpected error occurred: BaseBot.last_price() missing 2 required positional arguments: 'market' and 'symbol'
bot.strategies.bb_strategy (ERROR) 2023-05-30 16:07:00,302: BaseBot.last_price() missing 2 required positional arguments: 'market' and 'symbol'
bot.bot (ERROR) 2023-05-30 16:07:00,303: BaseBot.last_price() missing 2 required positional arguments: 'market' and 'symbol'
wss_klines (ERROR) 2023-05-30 16:07:10,922: An unexpected error occurred: BaseBot.last_price() missing 2 required positional arguments: 'market' and 'symbol'
bot.strategies.bb_strategy (ERROR) 2023-05-30 16:08:00,311: BaseBot.last_price() missing 2 required positional arguments: 'market' and 'symbol'
bot.bot (ERROR) 2023-05-30 16:08:00,312: BaseBot.last_price() missing 2 required positional arguments: 'market' and 'symbol'
wss_klines (ERROR) 2023-05-30 16:08:11,068: An unexpected error occurred: BaseBot.last_price() missing 2 required positional arguments: 'market' and 'symbol'
bot.strategies.bb_strategy (ERROR) 2023-05-30 16:09:00,372: BaseBot.last_price() missing 2 required positional arguments: 'market' and 'symbol'
bot.bot (ERROR) 2023-05-30 16:09:00,372: BaseBot.last_price() missing 2 required positional arguments: 'market' and 'symbol'
wss_klines (ERROR) 2023-05-30 16:09:11,163: An unexpected error occurred: BaseBot.last_price() missing 2 required positional arguments: 'market' and 'symbol'
bot.strategies.bb_strategy (ERROR) 2023-05-30 16:10:00,197: BaseBot.last_price() missing 2 required positional arguments: 'market' and 'symbol'
bot.bot (ERROR) 2023-05-30 16:10:00,198: BaseBot.last_price() missing 2 required positional arguments: 'market' and 'symbol'
wss_klines (ERROR) 2023-05-30 16:10:10,871: An unexpected error occurred: BaseBot.last_price() missing 2 required positional arguments: 'market' and 'symbol'
bot.strategies.bb_strategy (ERROR) 2023-05-30 16:11:01,164: BaseBot.last_price() missing 2 required positional arguments: 'market' and 'symbol'
bot.bot (ERROR) 2023-05-30 16:11:01,165: BaseBot.last_price() missing 2 required positional arguments: 'market' and 'symbol'
wss_klines (ERROR) 2023-05-30 16:11:11,754: An unexpected error occurred: BaseBot.last_price() missing 2 required positional arguments: 'market' and 'symbol'
bot.strategies.bb_strategy (ERROR) 2023-05-30 16:12:00,250: BaseBot.last_price() missing 2 required positional arguments: 'market' and 'symbol'
bot.bot (ERROR) 2023-05-30 16:12:00,251: BaseBot.last_price() missing 2 required positional arguments: 'market' and 'symbol'
wss_klines (ERROR) 2023-05-30 16:12:10,875: An unexpected error occurred: BaseBot.last_price() missing 2 required positional arguments: 'market' and 'symbol'
bot.strategies.bb_strategy (ERROR) 2023-05-30 16:13:00,223: BaseBot.last_price() missing 2 required positional arguments: 'market' and 'symbol'
bot.bot (ERROR) 2023-05-30 16:13:00,224: BaseBot.last_price() missing 2 required positional arguments: 'market' and 'symbol'
wss_klines (ERROR) 2023-05-30 16:13:10,816: An unexpected error occurred: BaseBot.last_price() missing 2 required positional arguments: 'market' and 'symbol'
bot.strategies.bb_strategy (ERROR) 2023-05-30 16:14:00,197: BaseBot.last_price() missing 2 required positional arguments: 'market' and 'symbol'
bot.bot (ERROR) 2023-05-30 16:14:00,198: BaseBot.last_price() missing 2 required positional arguments: 'market' and 'symbol'
wss_klines (ERROR) 2023-05-30 16:14:10,794: An unexpected error occurred: BaseBot.last_price() missing 2 required positional arguments: 'market' and 'symbol'
bot.strategies.bb_strategy (ERROR) 2023-05-30 16:15:00,214: BaseBot.last_price() missing 2 required positional arguments: 'market' and 'symbol'
bot.bot (ERROR) 2023-05-30 16:15:00,215: BaseBot.last_price() missing 2 required positional arguments: 'market' and 'symbol'
wss_klines (ERROR) 2023-05-30 16:15:10,829: An unexpected error occurred: BaseBot.last_price() missing 2 required positional arguments: 'market' and 'symbol'
bot.strategies.bb_strategy (ERROR) 2023-05-30 16:16:00,191: BaseBot.last_price() missing 2 required positional arguments: 'market' and 'symbol'
bot.bot (ERROR) 2023-05-30 16:16:00,192: BaseBot.last_price() missing 2 required positional arguments: 'market' and 'symbol'
wss_klines (ERROR) 2023-05-30 16:16:10,947: An unexpected error occurred: BaseBot.last_price() missing 2 required positional arguments: 'market' and 'symbol'
bot.strategies.bb_strategy (ERROR) 2023-05-30 16:17:00,338: BaseBot.last_price() missing 2 required positional arguments: 'market' and 'symbol'
bot.bot (ERROR) 2023-05-30 16:17:00,339: BaseBot.last_price() missing 2 required positional arguments: 'market' and 'symbol'
wss_klines (ERROR) 2023-05-30 16:17:10,986: An unexpected error occurred: BaseBot.last_price() missing 2 required positional arguments: 'market' and 'symbol'
bot.strategies.bb_strategy (ERROR) 2023-05-30 16:18:00,176: BaseBot.last_price() missing 2 required positional arguments: 'market' and 'symbol'
bot.bot (ERROR) 2023-05-30 16:18:00,176: BaseBot.last_price() missing 2 required positional arguments: 'market' and 'symbol'
wss_klines (ERROR) 2023-05-30 16:18:10,870: An unexpected error occurred: BaseBot.last_price() missing 2 required positional arguments: 'market' and 'symbol'
bot.strategies.bb_strategy (ERROR) 2023-05-30 16:19:00,333: BaseBot.last_price() missing 2 required positional arguments: 'market' and 'symbol'
bot.bot (ERROR) 2023-05-30 16:19:00,334: BaseBot.last_price() missing 2 required positional arguments: 'market' and 'symbol'
wss_klines (ERROR) 2023-05-30 16:19:10,949: An unexpected error occurred: BaseBot.last_price() missing 2 required positional arguments: 'market' and 'symbol'
bot.strategies.bb_strategy (ERROR) 2023-05-30 16:20:00,297: BaseBot.last_price() missing 2 required positional arguments: 'market' and 'symbol'
bot.bot (ERROR) 2023-05-30 16:20:00,297: BaseBot.last_price() missing 2 required positional arguments: 'market' and 'symbol'
wss_klines (ERROR) 2023-05-30 16:20:11,029: An unexpected error occurred: BaseBot.last_price() missing 2 required positional arguments: 'market' and 'symbol'
bot.strategies.bb_strategy (ERROR) 2023-05-30 16:21:00,415: BaseBot.last_price() missing 2 required positional arguments: 'market' and 'symbol'
bot.bot (ERROR) 2023-05-30 16:21:00,415: BaseBot.last_price() missing 2 required positional arguments: 'market' and 'symbol'
wss_klines (ERROR) 2023-05-30 16:21:11,186: An unexpected error occurred: BaseBot.last_price() missing 2 required positional arguments: 'market' and 'symbol'
bot.strategies.bb_strategy (ERROR) 2023-05-30 16:22:00,334: BaseBot.last_price() missing 2 required positional arguments: 'market' and 'symbol'
bot.bot (ERROR) 2023-05-30 16:22:00,335: BaseBot.last_price() missing 2 required positional arguments: 'market' and 'symbol'
wss_klines (ERROR) 2023-05-30 16:22:11,029: An unexpected error occurred: BaseBot.last_price() missing 2 required positional arguments: 'market' and 'symbol'
bot.strategies.bb_strategy (ERROR) 2023-05-30 16:23:00,195: BaseBot.last_price() missing 2 required positional arguments: 'market' and 'symbol'
bot.bot (ERROR) 2023-05-30 16:23:00,195: BaseBot.last_price() missing 2 required positional arguments: 'market' and 'symbol'
wss_klines (ERROR) 2023-05-30 16:23:10,811: An unexpected error occurred: BaseBot.last_price() missing 2 required positional arguments: 'market' and 'symbol'
bot.strategies.bb_strategy (ERROR) 2023-05-30 16:24:00,275: BaseBot.last_price() missing 2 required positional arguments: 'market' and 'symbol'
bot.bot (ERROR) 2023-05-30 16:24:00,276: BaseBot.last_price() missing 2 required positional arguments: 'market' and 'symbol'
wss_klines (ERROR) 2023-05-30 16:24:10,861: An unexpected error occurred: BaseBot.last_price() missing 2 required positional arguments: 'market' and 'symbol'
bot.strategies.bb_strategy (ERROR) 2023-05-30 16:25:00,215: BaseBot.last_price() missing 2 required positional arguments: 'market' and 'symbol'
bot.bot (ERROR) 2023-05-30 16:25:00,216: BaseBot.last_price() missing 2 required positional arguments: 'market' and 'symbol'
wss_klines (ERROR) 2023-05-30 16:25:10,820: An unexpected error occurred: BaseBot.last_price() missing 2 required positional arguments: 'market' and 'symbol'
bot.strategies.bb_strategy (ERROR) 2023-05-30 16:26:00,255: BaseBot.last_price() missing 2 required positional arguments: 'market' and 'symbol'
bot.bot (ERROR) 2023-05-30 16:26:00,255: BaseBot.last_price() missing 2 required positional arguments: 'market' and 'symbol'
wss_klines (ERROR) 2023-05-30 16:26:10,867: An unexpected error occurred: BaseBot.last_price() missing 2 required positional arguments: 'market' and 'symbol'
bot.strategies.bb_strategy (ERROR) 2023-05-30 16:27:00,225: BaseBot.last_price() missing 2 required positional arguments: 'market' and 'symbol'
bot.bot (ERROR) 2023-05-30 16:27:00,225: BaseBot.last_price() missing 2 required positional arguments: 'market' and 'symbol'
wss_klines (ERROR) 2023-05-30 16:27:10,815: An unexpected error occurred: BaseBot.last_price() missing 2 required positional arguments: 'market' and 'symbol'
bot.strategies.bb_strategy (ERROR) 2023-05-30 16:28:00,400: BaseBot.last_price() missing 2 required positional arguments: 'market' and 'symbol'
bot.bot (ERROR) 2023-05-30 16:28:00,401: BaseBot.last_price() missing 2 required positional arguments: 'market' and 'symbol'
wss_klines (ERROR) 2023-05-30 16:28:00,686: An unexpected error occurred: BaseBot.last_price() missing 2 required positional arguments: 'market' and 'symbol'
bot.strategies.bb_strategy (ERROR) 2023-05-30 16:29:00,284: BaseBot.last_price() missing 2 required positional arguments: 'market' and 'symbol'
bot.bot (ERROR) 2023-05-30 16:29:00,285: BaseBot.last_price() missing 2 required positional arguments: 'market' and 'symbol'
wss_klines (ERROR) 2023-05-30 16:29:10,819: An unexpected error occurred: BaseBot.last_price() missing 2 required positional arguments: 'market' and 'symbol'
bot.strategies.bb_strategy (ERROR) 2023-05-30 16:30:00,212: BaseBot.last_price() missing 2 required positional arguments: 'market' and 'symbol'
bot.bot (ERROR) 2023-05-30 16:30:00,212: BaseBot.last_price() missing 2 required positional arguments: 'market' and 'symbol'
wss_klines (ERROR) 2023-05-30 16:30:10,786: An unexpected error occurred: BaseBot.last_price() missing 2 required positional arguments: 'market' and 'symbol'
bot.strategies.bb_strategy (ERROR) 2023-05-30 16:31:00,155: BaseBot.last_price() missing 2 required positional arguments: 'market' and 'symbol'
bot.bot (ERROR) 2023-05-30 16:31:00,155: BaseBot.last_price() missing 2 required positional arguments: 'market' and 'symbol'
wss_klines (ERROR) 2023-05-30 16:31:10,900: An unexpected error occurred: BaseBot.last_price() missing 2 required positional arguments: 'market' and 'symbol'
bot.strategies.bb_strategy (ERROR) 2023-05-30 16:32:00,254: BaseBot.last_price() missing 2 required positional arguments: 'market' and 'symbol'
bot.bot (ERROR) 2023-05-30 16:32:00,255: BaseBot.last_price() missing 2 required positional arguments: 'market' and 'symbol'
wss_klines (ERROR) 2023-05-30 16:32:10,847: An unexpected error occurred: BaseBot.last_price() missing 2 required positional arguments: 'market' and 'symbol'
bot.strategies.bb_strategy (ERROR) 2023-05-30 16:33:00,069: BaseBot.last_price() missing 2 required positional arguments: 'market' and 'symbol'
bot.bot (ERROR) 2023-05-30 16:33:00,069: BaseBot.last_price() missing 2 required positional arguments: 'market' and 'symbol'
wss_klines (ERROR) 2023-05-30 16:33:10,661: An unexpected error occurred: BaseBot.last_price() missing 2 required positional arguments: 'market' and 'symbol'
bot.strategies.bb_strategy (ERROR) 2023-05-30 16:34:00,248: BaseBot.last_price() missing 2 required positional arguments: 'market' and 'symbol'
bot.bot (ERROR) 2023-05-30 16:34:00,248: BaseBot.last_price() missing 2 required positional arguments: 'market' and 'symbol'
wss_klines (ERROR) 2023-05-30 16:34:10,884: An unexpected error occurred: BaseBot.last_price() missing 2 required positional arguments: 'market' and 'symbol'
bot.strategies.bb_strategy (ERROR) 2023-05-30 16:35:00,294: BaseBot.last_price() missing 2 required positional arguments: 'market' and 'symbol'
bot.bot (ERROR) 2023-05-30 16:35:00,294: BaseBot.last_price() missing 2 required positional arguments: 'market' and 'symbol'
wss_klines (ERROR) 2023-05-30 16:35:00,611: An unexpected error occurred: BaseBot.last_price() missing 2 required positional arguments: 'market' and 'symbol'
bot.strategies.bb_strategy (ERROR) 2023-05-30 16:36:00,177: BaseBot.last_price() missing 2 required positional arguments: 'market' and 'symbol'
bot.bot (ERROR) 2023-05-30 16:36:00,178: BaseBot.last_price() missing 2 required positional arguments: 'market' and 'symbol'
wss_klines (ERROR) 2023-05-30 16:36:10,996: An unexpected error occurred: BaseBot.last_price() missing 2 required positional arguments: 'market' and 'symbol'
bot.strategies.bb_strategy (ERROR) 2023-05-30 16:37:00,321: BaseBot.last_price() missing 2 required positional arguments: 'market' and 'symbol'
bot.bot (ERROR) 2023-05-30 16:37:00,322: BaseBot.last_price() missing 2 required positional arguments: 'market' and 'symbol'
wss_klines (ERROR) 2023-05-30 16:37:11,087: An unexpected error occurred: BaseBot.last_price() missing 2 required positional arguments: 'market' and 'symbol'
bot.strategies.bb_strategy (ERROR) 2023-05-30 16:38:00,169: BaseBot.last_price() missing 2 required positional arguments: 'market' and 'symbol'
bot.bot (ERROR) 2023-05-30 16:38:00,169: BaseBot.last_price() missing 2 required positional arguments: 'market' and 'symbol'
wss_klines (ERROR) 2023-05-30 16:38:10,764: An unexpected error occurred: BaseBot.last_price() missing 2 required positional arguments: 'market' and 'symbol'
bot.strategies.bb_strategy (ERROR) 2023-05-30 16:39:00,103: BaseBot.last_price() missing 2 required positional arguments: 'market' and 'symbol'
bot.bot (ERROR) 2023-05-30 16:39:00,104: BaseBot.last_price() missing 2 required positional arguments: 'market' and 'symbol'
wss_klines (ERROR) 2023-05-30 16:39:10,799: An unexpected error occurred: BaseBot.last_price() missing 2 required positional arguments: 'market' and 'symbol'
bot.strategies.bb_strategy (ERROR) 2023-05-30 16:40:00,130: BaseBot.last_price() missing 2 required positional arguments: 'market' and 'symbol'
bot.bot (ERROR) 2023-05-30 16:40:00,131: BaseBot.last_price() missing 2 required positional arguments: 'market' and 'symbol'
wss_klines (ERROR) 2023-05-30 16:40:10,843: An unexpected error occurred: BaseBot.last_price() missing 2 required positional arguments: 'market' and 'symbol'
bot.strategies.bb_strategy (ERROR) 2023-05-30 16:41:00,220: BaseBot.last_price() missing 2 required positional arguments: 'market' and 'symbol'
bot.bot (ERROR) 2023-05-30 16:41:00,221: BaseBot.last_price() missing 2 required positional arguments: 'market' and 'symbol'
wss_klines (ERROR) 2023-05-30 16:41:10,821: An unexpected error occurred: BaseBot.last_price() missing 2 required positional arguments: 'market' and 'symbol'
bot.strategies.bb_strategy (ERROR) 2023-05-30 16:42:00,245: BaseBot.last_price() missing 2 required positional arguments: 'market' and 'symbol'
bot.bot (ERROR) 2023-05-30 16:42:00,245: BaseBot.last_price() missing 2 required positional arguments: 'market' and 'symbol'
wss_klines (ERROR) 2023-05-30 16:42:10,858: An unexpected error occurred: BaseBot.last_price() missing 2 required positional arguments: 'market' and 'symbol'
bot.strategies.bb_strategy (ERROR) 2023-05-30 16:43:00,094: BaseBot.last_price() missing 2 required positional arguments: 'market' and 'symbol'
bot.bot (ERROR) 2023-05-30 16:43:00,094: BaseBot.last_price() missing 2 required positional arguments: 'market' and 'symbol'
wss_klines (ERROR) 2023-05-30 16:43:10,755: An unexpected error occurred: BaseBot.last_price() missing 2 required positional arguments: 'market' and 'symbol'
bot.strategies.bb_strategy (ERROR) 2023-05-30 16:44:00,183: BaseBot.last_price() missing 2 required positional arguments: 'market' and 'symbol'
bot.bot (ERROR) 2023-05-30 16:44:00,184: BaseBot.last_price() missing 2 required positional arguments: 'market' and 'symbol'
wss_klines (ERROR) 2023-05-30 16:44:10,787: An unexpected error occurred: BaseBot.last_price() missing 2 required positional arguments: 'market' and 'symbol'
bot.strategies.bb_strategy (ERROR) 2023-05-30 16:45:00,162: BaseBot.last_price() missing 2 required positional arguments: 'market' and 'symbol'
bot.bot (ERROR) 2023-05-30 16:45:00,163: BaseBot.last_price() missing 2 required positional arguments: 'market' and 'symbol'
wss_klines (ERROR) 2023-05-30 16:45:10,735: An unexpected error occurred: BaseBot.last_price() missing 2 required positional arguments: 'market' and 'symbol'
bot.strategies.bb_strategy (ERROR) 2023-05-30 16:46:00,247: BaseBot.last_price() missing 2 required positional arguments: 'market' and 'symbol'
bot.bot (ERROR) 2023-05-30 16:46:00,247: BaseBot.last_price() missing 2 required positional arguments: 'market' and 'symbol'
wss_klines (ERROR) 2023-05-30 16:46:00,622: An unexpected error occurred: BaseBot.last_price() missing 2 required positional arguments: 'market' and 'symbol'
bot.strategies.bb_strategy (ERROR) 2023-05-30 16:47:00,178: BaseBot.last_price() missing 2 required positional arguments: 'market' and 'symbol'
bot.bot (ERROR) 2023-05-30 16:47:00,178: BaseBot.last_price() missing 2 required positional arguments: 'market' and 'symbol'
wss_klines (ERROR) 2023-05-30 16:47:10,754: An unexpected error occurred: BaseBot.last_price() missing 2 required positional arguments: 'market' and 'symbol'
bot.strategies.bb_strategy (ERROR) 2023-05-30 16:48:00,167: BaseBot.last_price() missing 2 required positional arguments: 'market' and 'symbol'
bot.bot (ERROR) 2023-05-30 16:48:00,168: BaseBot.last_price() missing 2 required positional arguments: 'market' and 'symbol'
wss_klines (ERROR) 2023-05-30 16:48:10,766: An unexpected error occurred: BaseBot.last_price() missing 2 required positional arguments: 'market' and 'symbol'
bot.strategies.bb_strategy (ERROR) 2023-05-30 16:49:00,147: BaseBot.last_price() missing 2 required positional arguments: 'market' and 'symbol'
bot.bot (ERROR) 2023-05-30 16:49:00,148: BaseBot.last_price() missing 2 required positional arguments: 'market' and 'symbol'
wss_klines (ERROR) 2023-05-30 16:49:00,450: An unexpected error occurred: BaseBot.last_price() missing 2 required positional arguments: 'market' and 'symbol'
wss_klines (WARNING) 2023-05-30 17:20:25,413: Connection closed, retrying...
bot.base_bot (INFO) 2023-05-30 17:20:44,990: Received stop signal
main (INFO) 2023-05-30 17:20:44,993: Exit
bot.base_bot (INFO) 2023-05-30 17:22:37,907: ****** Trade BOT ******
bot.base_bot (INFO) 2023-05-30 17:22:37,924: Run strategy bb for BTCUSDT_1m on um-futures-cross
bot.base_bot (INFO) 2023-05-30 17:40:16,990: Received stop signal
main (INFO) 2023-05-30 17:40:16,991: Exit
bot.base_bot (INFO) 2023-05-30 17:40:29,233: ****** Trade BOT ******
bot.base_bot (INFO) 2023-05-30 17:40:29,250: Run strategy bb for BTCUSDT_1m on um-futures-cross
bot.strategies.bb_strategy (ERROR) 2023-05-30 17:41:00,182: 'open_price'
bot.bot (ERROR) 2023-05-30 17:41:00,183: 'open_price'
wss_klines (ERROR) 2023-05-30 17:41:10,788: An unexpected error occurred: 'open_price'
bot.base_bot (INFO) 2023-05-30 17:41:20,890: Received stop signal
main (INFO) 2023-05-30 17:41:20,891: Exit
bot.base_bot (INFO) 2023-05-30 17:41:37,694: ****** Trade BOT ******
bot.base_bot (INFO) 2023-05-30 17:41:37,711: Run strategy bb for BTCUSDT_1m on um-futures-cross
bot.base_bot (INFO) 2023-05-30 17:43:48,134: Received stop signal
main (INFO) 2023-05-30 17:43:48,136: Exit
bot.base_bot (INFO) 2023-05-30 17:43:59,621: ****** Trade BOT ******
bot.base_bot (INFO) 2023-05-30 17:43:59,638: Run strategy bb for BTCUSDT_1m on um-futures-cross
bot.strategies.bb_strategy (INFO) 2023-05-30 17:45:00,220: bb price 27802.4
bot.strategies.bb_strategy (INFO) 2023-05-30 17:46:00,115: bb price 27798.1
bot.base_bot (INFO) 2023-05-30 17:46:14,208: Received stop signal
main (INFO) 2023-05-30 17:46:14,210: Exit
bot.base_bot (INFO) 2023-05-30 17:46:26,674: ****** Trade BOT ******
bot.base_bot (INFO) 2023-05-30 17:46:26,691: Run strategy bb for BTCUSDT_1m on um-futures-cross
bot.strategies.bb_strategy (INFO) 2023-05-30 17:47:00,150: bb price 27796.8
bot.base_bot (INFO) 2023-05-30 17:47:58,926: Received stop signal
main (INFO) 2023-05-30 17:47:58,928: Exit
bot.base_bot (INFO) 2023-05-30 17:48:07,400: Received stop signal
bot.base_bot (INFO) 2023-05-30 17:48:12,277: ****** Trade BOT ******
bot.base_bot (INFO) 2023-05-30 17:48:12,294: Run strategy bb for BTCUSDT_1m on um-futures-cross
bot.strategies.bb_strategy (INFO) 2023-05-30 17:48:15,949: bb price 27791.8
bot.strategies.bb_strategy (INFO) 2023-05-30 17:48:16,343: bb price 27791.8
bot.strategies.bb_strategy (INFO) 2023-05-30 17:48:16,736: bb price 27791.9
bot.strategies.bb_strategy (INFO) 2023-05-30 17:48:17,111: bb price 27791.9
bot.strategies.bb_strategy (INFO) 2023-05-30 17:48:17,338: bb price 27791.8
bot.strategies.bb_strategy (INFO) 2023-05-30 17:48:17,852: bb price 27791.8
bot.strategies.bb_strategy (INFO) 2023-05-30 17:48:18,147: bb price 27791.8
bot.strategies.bb_strategy (INFO) 2023-05-30 17:48:19,042: bb price 27791.9
bot.strategies.bb_strategy (INFO) 2023-05-30 17:48:19,388: bb price 27791.8
bot.strategies.bb_strategy (INFO) 2023-05-30 17:48:19,811: bb price 27791.8
bot.strategies.bb_strategy (INFO) 2023-05-30 17:48:20,141: bb price 27791.8
bot.strategies.bb_strategy (INFO) 2023-05-30 17:48:21,003: bb price 27791.8
bot.strategies.bb_strategy (INFO) 2023-05-30 17:48:21,434: bb price 27791.8
bot.strategies.bb_strategy (INFO) 2023-05-30 17:48:21,806: bb price 27791.8
bot.strategies.bb_strategy (INFO) 2023-05-30 17:48:22,137: bb price 27791.8
bot.strategies.bb_strategy (INFO) 2023-05-30 17:48:22,355: bb price 27791.8
bot.strategies.bb_strategy (INFO) 2023-05-30 17:48:22,750: bb price 27791.9
bot.strategies.bb_strategy (INFO) 2023-05-30 17:48:23,142: bb price 27791.8
bot.strategies.bb_strategy (INFO) 2023-05-30 17:48:23,386: bb price 27791.8
bot.strategies.bb_strategy (INFO) 2023-05-30 17:48:23,638: bb price 27791.8
bot.strategies.bb_strategy (INFO) 2023-05-30 17:48:24,084: bb price 27791.9
bot.strategies.bb_strategy (INFO) 2023-05-30 17:48:25,789: bb price 27791.9
bot.strategies.bb_strategy (INFO) 2023-05-30 17:48:26,146: bb price 27791.8
bot.strategies.bb_strategy (INFO) 2023-05-30 17:48:27,014: bb price 27791.8
bot.strategies.bb_strategy (INFO) 2023-05-30 17:48:27,407: bb price 27791.9
bot.strategies.bb_strategy (INFO) 2023-05-30 17:48:28,073: bb price 27791.8
bot.strategies.bb_strategy (INFO) 2023-05-30 17:48:28,399: bb price 27791.8
bot.strategies.bb_strategy (INFO) 2023-05-30 17:48:28,850: bb price 27791.8
bot.strategies.bb_strategy (INFO) 2023-05-30 17:48:29,126: bb price 27791.9
bot.strategies.bb_strategy (INFO) 2023-05-30 17:48:29,498: bb price 27791.8
bot.strategies.bb_strategy (INFO) 2023-05-30 17:48:30,093: bb price 27791.8
bot.strategies.bb_strategy (INFO) 2023-05-30 17:48:30,368: bb price 27791.8
bot.strategies.bb_strategy (INFO) 2023-05-30 17:48:31,399: bb price 27791.9
bot.strategies.bb_strategy (INFO) 2023-05-30 17:48:31,841: bb price 27791.9
bot.strategies.bb_strategy (INFO) 2023-05-30 17:48:32,698: bb price 27791.8
bot.base_bot (INFO) 2023-05-30 17:48:32,911: Received stop signal
main (INFO) 2023-05-30 17:48:32,912: Exit
bot.base_bot (INFO) 2023-05-31 10:11:10,588: ****** Trade BOT ******
bot.base_bot (INFO) 2023-05-31 10:11:10,608: Run strategy bb for BTCUSDT_1m on um-futures-cross
get_klines (WARNING) 2023-05-31 10:11:15,620: An error occurred: Cannot connect to host fapi.binance.com:443 ssl:default [nodename nor servname provided, or not known]
get_market_info (WARNING) 2023-05-31 10:11:15,621: An error occurred: Cannot connect to host fapi.binance.com:443 ssl:default [nodename nor servname provided, or not known]
get_market_info (WARNING) 2023-05-31 10:11:47,628: An error occurred: Cannot connect to host fapi.binance.com:443 ssl:default [nodename nor servname provided, or not known]
get_klines (WARNING) 2023-05-31 10:11:47,629: An error occurred: Cannot connect to host fapi.binance.com:443 ssl:default [nodename nor servname provided, or not known]
bot.strategies.bb_strategy (INFO) 2023-05-31 10:12:59,969: bb price 27151.7
bot.strategies.bb_strategy (INFO) 2023-05-31 10:13:59,970: bb price 27142.9
bot.strategies.bb_strategy (INFO) 2023-05-31 10:15:00,043: bb price 27156.5
bot.strategies.bb_strategy (INFO) 2023-05-31 10:16:00,082: bb price 27147.5
bot.strategies.bb_strategy (INFO) 2023-05-31 10:16:59,921: bb price 27172.0
bot.strategies.bb_strategy (INFO) 2023-05-31 10:17:59,960: bb price 27165.1
wss_klines (WARNING) 2023-05-31 10:41:11,147: Connection closed, retrying...
bot.strategies.bb_strategy (INFO) 2023-05-31 10:42:00,048: bb price 27166.9
bot.strategies.bb_strategy (INFO) 2023-05-31 10:43:00,088: bb price 27160.6
bot.strategies.bb_strategy (INFO) 2023-05-31 10:44:00,027: bb price 27178.1
bot.strategies.bb_strategy (INFO) 2023-05-31 10:45:00,126: bb price 27195.0
bot.strategies.bb_strategy (INFO) 2023-05-31 10:46:00,072: bb price 27198.8
bot.strategies.bb_strategy (INFO) 2023-05-31 10:47:00,060: bb price 27193.0
bot.strategies.bb_strategy (INFO) 2023-05-31 10:48:00,297: bb price 27178.1
bot.strategies.bb_strategy (INFO) 2023-05-31 10:49:00,019: bb price 27157.1
bot.strategies.bb_strategy (INFO) 2023-05-31 10:50:00,015: bb price 27158.0
bot.strategies.bb_strategy (INFO) 2023-05-31 10:51:00,050: bb price 27143.4
bot.strategies.bb_strategy (INFO) 2023-05-31 10:52:00,068: bb price 27151.9
bot.strategies.bb_strategy (INFO) 2023-05-31 10:53:00,018: bb price 27109.0
bot.strategies.bb_strategy (INFO) 2023-05-31 10:54:00,165: bb price 27105.0
bot.strategies.bb_strategy (INFO) 2023-05-31 10:55:00,058: bb price 27130.0
bot.strategies.bb_strategy (INFO) 2023-05-31 10:56:00,063: bb price 27120.2
bot.strategies.bb_strategy (INFO) 2023-05-31 10:57:00,056: bb price 27114.1
bot.strategies.bb_strategy (INFO) 2023-05-31 10:58:00,040: bb price 27131.7
bot.strategies.bb_strategy (INFO) 2023-05-31 10:59:00,156: bb price 27119.9
bot.strategies.bb_strategy (INFO) 2023-05-31 11:00:00,145: bb price 27104.0
bot.strategies.bb_strategy (INFO) 2023-05-31 11:01:00,133: bb price 27059.4
bot.strategies.bb_strategy (INFO) 2023-05-31 11:02:00,126: bb price 27061.9
bot.strategies.bb_strategy (INFO) 2023-05-31 11:03:00,137: bb price 27064.2
bot.base_bot (INFO) 2023-05-31 11:03:42,917: Received stop signal
bot.base_bot (INFO) 2023-05-31 11:31:48,698: ****** Trade BOT ******
bot.base_bot (INFO) 2023-05-31 11:31:48,715: Run strategy bb for BTCUSDT_1m on um-futures-cross
bot.strategies.bb_strategy (INFO) 2023-05-31 11:32:00,078: bb_20_2.0: bb_lower = nan
bot.strategies.bb_strategy (INFO) 2023-05-31 11:33:00,147: bb_20_2.0: bb_lower = nan
bot.base_bot (INFO) 2023-05-31 11:33:07,799: Received stop signal
main (INFO) 2023-05-31 11:33:07,801: Exit
bot.base_bot (INFO) 2023-05-31 11:44:59,873: ****** Trade BOT ******
bot.base_bot (INFO) 2023-05-31 11:44:59,890: Run strategy bb for BTCUSDT_1m on um-futures-cross
bot.base_bot (CRITICAL) 2023-05-31 11:44:59,891: Invalid variable type: value should be str, int or float, got None of type <class 'NoneType'>
bot.base_bot (INFO) 2023-05-31 11:45:33,242: Received stop signal
asyncio (ERROR) 2023-05-31 11:45:33,245: unhandled exception during asyncio.run() shutdown
task: <Task finished name='Task-9' coro=<handle_stream() done, defined at /Users/hudro/code/trade_bot_async/bot/binance_um_futures.py:314> exception=AttributeError("module 'websockets' has no attribute 'exceptions'")>
Traceback (most recent call last):
  File "/Users/hudro/miniforge3/lib/python3.10/asyncio/runners.py", line 44, in run
    return loop.run_until_complete(main)
  File "/Users/hudro/miniforge3/lib/python3.10/asyncio/base_events.py", line 649, in run_until_complete
    return future.result()
  File "/Users/hudro/code/trade_bot_async/main.py", line 38, in main
    await bot.run()
  File "/Users/hudro/code/trade_bot_async/bot/base_bot.py", line 385, in run
    await asyncio.gather(*tasks)
  File "/Users/hudro/code/trade_bot_async/bot/base_bot.py", line 359, in run_strategy
    raise e
  File "/Users/hudro/code/trade_bot_async/bot/base_bot.py", line 353, in run_strategy
    await self.download_klines(strategy)
  File "/Users/hudro/code/trade_bot_async/bot/base_bot.py", line 290, in download_klines
    klines_raw = await get_klines(strategy.symbol, strategy.tf, self.stop, limit=strategy.window)
  File "/Users/hudro/code/trade_bot_async/bot/binance_um_futures.py", line 229, in get_klines
    return await unauthorizrd_request(FUTURES_KLINES_URL, 'get', params, logger, stop)
  File "/Users/hudro/code/trade_bot_async/bot/binance_um_futures.py", line 56, in unauthorizrd_request
    async with session.request(http_method, url, params=params) as response:
  File "/Users/hudro/miniforge3/lib/python3.10/site-packages/aiohttp/client.py", line 1141, in __aenter__
    self._resp = await self._coro
  File "/Users/hudro/miniforge3/lib/python3.10/site-packages/aiohttp/client.py", line 508, in _request
    req = self._request_class(
  File "/Users/hudro/miniforge3/lib/python3.10/site-packages/aiohttp/client_reqrep.py", line 283, in __init__
    url2 = url.with_query(params)
  File "/Users/hudro/miniforge3/lib/python3.10/site-packages/yarl/_url.py", line 1007, in with_query
    new_query = self._get_str_query(*args, **kwargs) or ""
  File "/Users/hudro/miniforge3/lib/python3.10/site-packages/yarl/_url.py", line 968, in _get_str_query
    query = "&".join(self._query_seq_pairs(quoter, query.items()))
  File "/Users/hudro/miniforge3/lib/python3.10/site-packages/yarl/_url.py", line 931, in _query_seq_pairs
    yield quoter(key) + "=" + quoter(cls._query_var(val))
  File "/Users/hudro/miniforge3/lib/python3.10/site-packages/yarl/_url.py", line 946, in _query_var
    raise TypeError(
TypeError: Invalid variable type: value should be str, int or float, got None of type <class 'NoneType'>

During handling of the above exception, another exception occurred:

Traceback (most recent call last):
  File "/Users/hudro/code/trade_bot_async/bot/binance_um_futures.py", line 334, in handle_stream
    async for msg in ws:
  File "/Users/hudro/miniforge3/lib/python3.10/site-packages/aiohttp/client_ws.py", line 297, in __anext__
    msg = await self.receive()
  File "/Users/hudro/miniforge3/lib/python3.10/site-packages/aiohttp/client_ws.py", line 229, in receive
    msg = await self._reader.read()
  File "/Users/hudro/miniforge3/lib/python3.10/site-packages/aiohttp/streams.py", line 657, in read
    return await super().read()
  File "/Users/hudro/miniforge3/lib/python3.10/site-packages/aiohttp/streams.py", line 616, in read
    await self._waiter
asyncio.exceptions.CancelledError

During handling of the above exception, another exception occurred:

Traceback (most recent call last):
  File "/Users/hudro/code/trade_bot_async/bot/binance_um_futures.py", line 338, in handle_stream
    except (websockets.exceptions.ConnectionClosedError, websockets.exceptions.ConnectionClosedOK) as e:
  File "/Users/hudro/miniforge3/lib/python3.10/site-packages/websockets/imports.py", line 92, in __getattr__
    raise AttributeError(f"module {package!r} has no attribute {name!r}")
AttributeError: module 'websockets' has no attribute 'exceptions'
bot.base_bot (INFO) 2023-05-31 11:48:40,535: ****** Trade BOT ******
bot.base_bot (INFO) 2023-05-31 11:48:40,553: Run strategy bb for BTCUSDT_1m on um-futures-cross
bot.base_bot (INFO) 2023-05-31 11:48:47,689: Received stop signal
main (INFO) 2023-05-31 11:48:47,691: Exit
bot.base_bot (INFO) 2023-05-31 11:49:15,126: ****** Trade BOT ******
bot.base_bot (INFO) 2023-05-31 11:49:15,144: Run strategy bb for BTCUSDT_1m on um-futures-cross
bot.base_bot (INFO) 2023-05-31 11:49:34,140: Received stop signal
main (INFO) 2023-05-31 11:49:34,141: Exit
bot.base_bot (INFO) 2023-05-31 11:53:00,830: ****** Trade BOT ******
bot.base_bot (INFO) 2023-05-31 11:53:00,847: Run strategy bb for BTCUSDT_1m on um-futures-cross
bot.base_bot (INFO) 2023-05-31 11:53:05,072: Received stop signal
main (INFO) 2023-05-31 11:53:05,073: Exit
bot.base_bot (INFO) 2023-05-31 12:00:46,357: ****** Trade BOT ******
bot.base_bot (INFO) 2023-05-31 12:00:46,374: Run strategy bb for BTCUSDT_1m on um-futures-cross
bot.base_bot (INFO) 2023-05-31 12:00:57,463: Received stop signal
main (INFO) 2023-05-31 12:00:57,465: Exit
bot.base_bot (INFO) 2023-05-31 12:01:27,869: ****** Trade BOT ******
bot.base_bot (INFO) 2023-05-31 12:01:27,885: Run strategy bb for BTCUSDT_1m on um-futures-cross
bot.base_bot (INFO) 2023-05-31 12:01:30,877: Received stop signal
main (INFO) 2023-05-31 12:01:30,879: Exit
bot.base_bot (INFO) 2023-05-31 12:02:33,915: ****** Trade BOT ******
bot.base_bot (INFO) 2023-05-31 12:02:33,932: Run strategy bb for BTCUSDT_1m on um-futures-cross
bot.strategies.bb_strategy (INFO) 2023-05-31 12:03:00,315: bb_20_2.0: bb_lower = 26967.340003406596
bot.strategies.bb_strategy (INFO) 2023-05-31 12:03:00,316: bb_20_2.0: length df=81
bot.strategies.bb_strategy (INFO) 2023-05-31 12:04:00,168: bb_20_2.0: bb_lower = 26974.68123877931
bot.strategies.bb_strategy (INFO) 2023-05-31 12:04:00,168: bb_20_2.0: length df=81
user_data_stream (ERROR) 2023-05-31 12:04:31,761: Stream encountered an error: 5 columns passed, passed data had 4 columns.Reconnecting...
bot.strategies.bb_strategy (INFO) 2023-05-31 12:05:00,095: bb_20_2.0: bb_lower = 26977.75262334515
bot.strategies.bb_strategy (INFO) 2023-05-31 12:05:00,096: bb_20_2.0: length df=81
bot.base_bot (INFO) 2023-05-31 12:05:13,129: Received stop signal
main (INFO) 2023-05-31 12:05:13,131: Exit
bot.base_bot (INFO) 2023-05-31 12:08:58,975: ****** Trade BOT ******
bot.base_bot (INFO) 2023-05-31 12:08:58,993: Run strategy bb for BTCUSDT_1m on um-futures-cross
bot.strategies.bb_strategy (INFO) 2023-05-31 12:10:00,086: bb_20_2.0: bb_lower = 26965.86073257924
bot.strategies.bb_strategy (INFO) 2023-05-31 12:10:00,086: bb_20_2.0: length df=81
bot.strategies.bb_strategy (INFO) 2023-05-31 12:11:00,233: bb_20_2.0: bb_lower = 26957.987003626775
bot.strategies.bb_strategy (INFO) 2023-05-31 12:11:00,233: bb_20_2.0: length df=81
bot.base_bot (INFO) 2023-05-31 12:11:37,207: Received stop signal
main (INFO) 2023-05-31 12:11:37,208: Exit
bot.base_bot (INFO) 2023-05-31 12:11:52,038: ****** Trade BOT ******
bot.base_bot (INFO) 2023-05-31 12:11:52,055: Run strategy bb for BTCUSDT_1m on um-futures-cross
bot.strategies.bb_strategy (INFO) 2023-05-31 12:12:00,111: bb_20_2.0: bb_lower = 26941.147424892763
bot.strategies.bb_strategy (INFO) 2023-05-31 12:12:00,112: bb_20_2.0: length df=81
bot.strategies.bb_strategy (INFO) 2023-05-31 12:13:00,087: bb_20_2.0: bb_lower = 26930.408421187396
bot.strategies.bb_strategy (INFO) 2023-05-31 12:13:00,087: bb_20_2.0: length df=81
bot.strategies.bb_strategy (INFO) 2023-05-31 12:14:00,163: bb_20_2.0: bb_lower = 26920.986234309024
bot.strategies.bb_strategy (INFO) 2023-05-31 12:14:00,163: bb_20_2.0: length df=81
user_data_stream (ERROR) 2023-05-31 12:14:51,406: Stream encountered an error: 5 columns passed, passed data had 4 columns.Reconnecting...
bot.strategies.bb_strategy (INFO) 2023-05-31 12:15:00,087: bb_20_2.0: bb_lower = 26908.79294388576
bot.strategies.bb_strategy (INFO) 2023-05-31 12:15:00,087: bb_20_2.0: length df=81
bot.strategies.bb_strategy (INFO) 2023-05-31 12:16:00,087: bb_20_2.0: bb_lower = 26905.64187494494
bot.strategies.bb_strategy (INFO) 2023-05-31 12:16:00,087: bb_20_2.0: length df=81
bot.strategies.bb_strategy (INFO) 2023-05-31 12:17:00,189: bb_20_2.0: bb_lower = 26906.78216915493
bot.strategies.bb_strategy (INFO) 2023-05-31 12:17:00,189: bb_20_2.0: length df=81
bot.strategies.bb_strategy (INFO) 2023-05-31 12:18:00,056: bb_20_2.0: bb_lower = 26904.250745957466
bot.strategies.bb_strategy (INFO) 2023-05-31 12:18:00,056: bb_20_2.0: length df=81
bot.strategies.bb_strategy (INFO) 2023-05-31 12:19:00,115: bb_20_2.0: bb_lower = 26903.135326639207
bot.strategies.bb_strategy (INFO) 2023-05-31 12:19:00,115: bb_20_2.0: length df=81
bot.strategies.bb_strategy (INFO) 2023-05-31 12:20:00,045: bb_20_2.0: bb_lower = 26900.337218037603
bot.strategies.bb_strategy (INFO) 2023-05-31 12:20:00,045: bb_20_2.0: length df=81
bot.strategies.bb_strategy (INFO) 2023-05-31 12:21:00,066: bb_20_2.0: bb_lower = 26901.621984002348
bot.strategies.bb_strategy (INFO) 2023-05-31 12:21:00,066: bb_20_2.0: length df=81
bot.strategies.bb_strategy (INFO) 2023-05-31 12:22:00,114: bb_20_2.0: bb_lower = 26904.923796402767
bot.strategies.bb_strategy (INFO) 2023-05-31 12:22:00,115: bb_20_2.0: length df=81
bot.strategies.bb_strategy (INFO) 2023-05-31 12:23:00,092: bb_20_2.0: bb_lower = 26911.01015696452
bot.strategies.bb_strategy (INFO) 2023-05-31 12:23:00,092: bb_20_2.0: length df=81
bot.strategies.bb_strategy (INFO) 2023-05-31 12:24:00,063: bb_20_2.0: bb_lower = 26913.353506331638
bot.strategies.bb_strategy (INFO) 2023-05-31 12:24:00,063: bb_20_2.0: length df=81
bot.base_bot (INFO) 2023-05-31 12:24:26,864: Received stop signal
main (INFO) 2023-05-31 12:24:26,864: Exit
bot.base_bot (INFO) 2023-05-31 12:24:39,289: ****** Trade BOT ******
bot.base_bot (INFO) 2023-05-31 12:24:39,306: Run strategy bb for BTCUSDT_1m on um-futures-cross
bot.strategies.bb_strategy (INFO) 2023-05-31 12:25:00,050: bb_20_2.0: bb_lower = 26914.376209761827
bot.strategies.bb_strategy (INFO) 2023-05-31 12:25:00,050: bb_20_2.0: length df=81
bot.base_bot (INFO) 2023-05-31 12:25:05,456: Received stop signal
main (INFO) 2023-05-31 12:25:05,457: Exit
bot.base_bot (INFO) 2023-05-31 12:25:17,804: ****** Trade BOT ******
bot.base_bot (INFO) 2023-05-31 12:25:17,821: Run strategy bb for BTCUSDT_1m on um-futures-cross
bot.base_bot (INFO) 2023-05-31 12:25:35,148: Received stop signal
main (INFO) 2023-05-31 12:25:35,149: Exit
bot.base_bot (INFO) 2023-05-31 12:26:36,343: ****** Trade BOT ******
bot.base_bot (INFO) 2023-05-31 12:26:36,360: Run strategy bb for BTCUSDT_1m on um-futures-cross
bot.strategies.bb_strategy (INFO) 2023-05-31 12:27:00,062: bb_20_2.0: bb_lower = 26918.059563978644
bot.strategies.bb_strategy (INFO) 2023-05-31 12:27:00,062: bb_20_2.0: length df=81
bot.base_bot (INFO) 2023-05-31 12:27:13,545: Received stop signal
main (INFO) 2023-05-31 12:27:13,546: Exit
bot.base_bot (INFO) 2023-05-31 12:30:14,927: ****** Trade BOT ******
bot.base_bot (INFO) 2023-05-31 12:37:57,459: ****** Trade BOT ******
bot.base_bot (INFO) 2023-05-31 12:38:32,132: ****** Trade BOT ******
bot.base_bot (INFO) 2023-05-31 12:38:35,006: Run strategy bb for BTCUSDT_1m on um-futures-cross
bot.strategies.bb_strategy (INFO) 2023-05-31 12:39:00,225: bb_20_2.0: bb_lower = 26903.50611573339
bot.strategies.bb_strategy (INFO) 2023-05-31 12:39:00,225: bb_20_2.0: length df=81
user_data_stream (ERROR) 2023-05-31 12:39:13,322: Stream encountered an error: single positional indexer is out-of-bounds.Reconnecting...
bot.base_bot (INFO) 2023-05-31 12:39:56,591: Received stop signal
main (INFO) 2023-05-31 12:39:56,593: Exit
bot.base_bot (INFO) 2023-05-31 13:13:31,167: ****** Trade BOT ******
bot.base_bot (INFO) 2023-05-31 13:13:33,598: Run strategy bb for BTCUSDT_1m on um-futures-cross
bot.strategies.bb_strategy (INFO) 2023-05-31 13:14:00,210: bb_20_2.0: bb_lower = 26852.919995935867
bot.strategies.bb_strategy (INFO) 2023-05-31 13:14:00,211: bb_20_2.0: length df=81
bot.strategies.bb_strategy (INFO) 2023-05-31 13:15:00,142: bb_20_2.0: bb_lower = 26850.73279579922
bot.strategies.bb_strategy (INFO) 2023-05-31 13:15:00,143: bb_20_2.0: length df=81
bot.strategies.bb_strategy (INFO) 2023-05-31 13:16:00,134: bb_20_2.0: bb_lower = 26849.137165089072
bot.strategies.bb_strategy (INFO) 2023-05-31 13:16:00,135: bb_20_2.0: length df=81
bot.strategies.bb_strategy (INFO) 2023-05-31 13:17:00,221: bb_20_2.0: bb_lower = 26850.20549724173
bot.strategies.bb_strategy (INFO) 2023-05-31 13:17:00,222: bb_20_2.0: length df=81
bot.strategies.bb_strategy (INFO) 2023-05-31 13:18:00,256: bb_20_2.0: bb_lower = 26852.267932006664
bot.strategies.bb_strategy (INFO) 2023-05-31 13:18:00,257: bb_20_2.0: length df=81
bot.strategies.bb_strategy (INFO) 2023-05-31 13:19:00,246: bb_20_2.0: bb_lower = 26852.21845585683
bot.strategies.bb_strategy (INFO) 2023-05-31 13:19:00,246: bb_20_2.0: length df=81
bot.strategies.bb_strategy (INFO) 2023-05-31 13:20:00,134: bb_20_2.0: bb_lower = 26853.24380834631
bot.strategies.bb_strategy (INFO) 2023-05-31 13:20:00,134: bb_20_2.0: length df=81
bot.strategies.bb_strategy (INFO) 2023-05-31 13:21:00,199: bb_20_2.0: bb_lower = 26853.87126962811
bot.strategies.bb_strategy (INFO) 2023-05-31 13:21:00,199: bb_20_2.0: length df=81
bot.strategies.bb_strategy (INFO) 2023-05-31 13:22:00,220: bb_20_2.0: bb_lower = 26855.172090385582
bot.strategies.bb_strategy (INFO) 2023-05-31 13:22:00,220: bb_20_2.0: length df=81
bot.strategies.bb_strategy (INFO) 2023-05-31 13:23:00,301: bb_20_2.0: bb_lower = 26855.727667572606
bot.strategies.bb_strategy (INFO) 2023-05-31 13:23:00,302: bb_20_2.0: length df=81
wss_klines (WARNING) 2023-05-31 14:31:55,217: Connection closed, retrying...
bot.strategies.bb_strategy (INFO) 2023-05-31 14:31:59,951: bb_20_2.0: bb_lower = 26856.723369041218
bot.strategies.bb_strategy (INFO) 2023-05-31 14:31:59,951: bb_20_2.0: length df=81
bot.strategies.bb_strategy (INFO) 2023-05-31 14:32:59,957: bb_20_2.0: bb_lower = 26862.33061801013
bot.strategies.bb_strategy (INFO) 2023-05-31 14:32:59,958: bb_20_2.0: length df=81
bot.strategies.bb_strategy (INFO) 2023-05-31 14:34:00,002: bb_20_2.0: bb_lower = 26873.16763690508
bot.strategies.bb_strategy (INFO) 2023-05-31 14:34:00,003: bb_20_2.0: length df=81
bot.strategies.bb_strategy (INFO) 2023-05-31 14:34:59,973: bb_20_2.0: bb_lower = 26887.321560319193
bot.strategies.bb_strategy (INFO) 2023-05-31 14:34:59,974: bb_20_2.0: length df=81
bot.strategies.bb_strategy (INFO) 2023-05-31 14:35:59,981: bb_20_2.0: bb_lower = 26903.98222760524
bot.strategies.bb_strategy (INFO) 2023-05-31 14:35:59,981: bb_20_2.0: length df=81
bot.strategies.bb_strategy (INFO) 2023-05-31 14:37:00,045: bb_20_2.0: bb_lower = 26906.66326673931
bot.strategies.bb_strategy (INFO) 2023-05-31 14:37:00,045: bb_20_2.0: length df=81
bot.strategies.bb_strategy (INFO) 2023-05-31 14:38:00,026: bb_20_2.0: bb_lower = 26905.740499341562
bot.strategies.bb_strategy (INFO) 2023-05-31 14:38:00,026: bb_20_2.0: length df=81
bot.strategies.bb_strategy (INFO) 2023-05-31 14:38:59,967: bb_20_2.0: bb_lower = 26902.28630758863
bot.strategies.bb_strategy (INFO) 2023-05-31 14:38:59,967: bb_20_2.0: length df=81
bot.strategies.bb_strategy (INFO) 2023-05-31 14:39:59,963: bb_20_2.0: bb_lower = 26897.11252345979
bot.strategies.bb_strategy (INFO) 2023-05-31 14:39:59,963: bb_20_2.0: length df=81
bot.strategies.bb_strategy (INFO) 2023-05-31 14:40:59,979: bb_20_2.0: bb_lower = 26898.70460939901
bot.strategies.bb_strategy (INFO) 2023-05-31 14:40:59,979: bb_20_2.0: length df=81
bot.strategies.bb_strategy (INFO) 2023-05-31 14:42:00,033: bb_20_2.0: bb_lower = 26898.698413834423
bot.strategies.bb_strategy (INFO) 2023-05-31 14:42:00,034: bb_20_2.0: length df=81
bot.base_bot (INFO) 2023-05-31 14:42:33,252: Received stop signal
main (INFO) 2023-05-31 14:42:33,253: Exit
bot.base_bot (INFO) 2023-05-31 14:42:35,767: ****** Trade BOT ******
bot.base_bot (INFO) 2023-05-31 14:42:37,018: Run strategy bb for BTCUSDT_1m on um-futures-cross
bot.base_bot (INFO) 2023-05-31 14:42:47,207: Received stop signal
main (INFO) 2023-05-31 14:42:47,210: Exit
bot.base_bot (INFO) 2023-05-31 14:42:47,569: Received stop signal
bot.base_bot (INFO) 2023-05-31 14:42:48,090: Received stop signal
